 tdshook

 Timestamp is 6a470c1f (Fri Jul  3 08:10:55 2026)

 Preferred load address is 10000000

 Start         Length     Name                   Class
 0001:00000000 00000080H .text$di                CODE
 0001:00000080 0000a9f0H .text$mn                CODE
 0001:0000aa70 00000380H .text$x                 CODE
 0001:0000adf0 00000169H .text$yd                CODE
 0002:00000000 00000308H .idata$5                DATA
 0002:00000308 00000008H .00cfg                  DATA
 0002:00000310 00000004H .CRT$XCA                DATA
 0002:00000314 00000004H .CRT$XCL                DATA
 0002:00000318 00000010H .CRT$XCU                DATA
 0002:00000328 00000004H .CRT$XCZ                DATA
 0002:0000032c 00000004H .CRT$XIA                DATA
 0002:00000330 00000004H .CRT$XIZ                DATA
 0002:00000334 00000004H .CRT$XPA                DATA
 0002:00000338 00000004H .CRT$XPZ                DATA
 0002:0000033c 00000004H .CRT$XTA                DATA
 0002:00000340 00000010H .CRT$XTZ                DATA
 0002:00000344 00000000H .gfids$y                DATA
 0002:00000350 00001b30H .rdata                  DATA
 0002:00001e80 00000000H .rdata$CastGuardVftablesA DATA
 0002:00001e80 00000000H .rdata$CastGuardVftablesC DATA
 0002:00001e80 000003a8H .rdata$r                DATA
 0002:00002228 00000038H .rdata$sxdata           DATA
 0002:00002260 000000ecH .rdata$voltmd           DATA
 0002:0000234c 000002c8H .rdata$zzzdbg           DATA
 0002:00002614 00000004H .rtc$IAA                DATA
 0002:00002618 00000004H .rtc$IZZ                DATA
 0002:0000261c 00000004H .rtc$TAA                DATA
 0002:00002620 00000008H .rtc$TZZ                DATA
 0002:00002628 000004b0H .xdata$x                DATA
 0002:00002ad8 00000000H .edata                  DATA
 0002:00002ad8 00000118H .idata$2                DATA
 0002:00002bf0 00000014H .idata$3                DATA
 0002:00002c04 00000308H .idata$4                DATA
 0002:00002f0c 00001540H .idata$6                DATA
 0003:00000000 00001634H .data                   DATA
 0003:00001634 0000007cH .data$r                 DATA
 0003:000016b0 000001a8H .data$rs                DATA
 0003:00001858 00000d34H .bss                    DATA
 0004:00000000 00000060H .rsrc$01                DATA
 0004:00000060 00000180H .rsrc$02                DATA

  Address         Publics by Value              Rva+Base       Lib:Object

 0000:00000000       ___AbsoluteZero            00000000     <absolute>
 0000:00000000       ___arm64x_extra_rfe_table  00000000     <absolute>
 0000:00000000       ___arm64x_extra_rfe_table_size 00000000     <absolute>
 0000:00000000       ___arm64x_native_entrypoint 00000000     <absolute>
 0000:00000000       ___arm64x_redirection_metadata 00000000     <absolute>
 0000:00000000       ___arm64x_redirection_metadata_count 00000000     <absolute>
 0000:00000000       ___dynamic_value_reloc_table 00000000     <absolute>
 0000:00000000       ___enclave_config          00000000     <absolute>
 0000:00000000       ___guard_check_icall_a64n_fptr 00000000     <absolute>
 0000:00000000       ___guard_eh_cont_count     00000000     <absolute>
 0000:00000000       ___guard_eh_cont_table     00000000     <absolute>
 0000:00000000       ___guard_fids_count        00000000     <absolute>
 0000:00000000       ___guard_fids_table        00000000     <absolute>
 0000:00000000       ___guard_iat_count         00000000     <absolute>
 0000:00000000       ___guard_iat_table         00000000     <absolute>
 0000:00000000       ___guard_longjmp_count     00000000     <absolute>
 0000:00000000       ___guard_longjmp_table     00000000     <absolute>
 0000:00000000       ___hybrid_auxiliary_delayload_iat 00000000     <absolute>
 0000:00000000       ___hybrid_auxiliary_delayload_iat_copy 00000000     <absolute>
 0000:00000000       ___hybrid_auxiliary_iat    00000000     <absolute>
 0000:00000000       ___hybrid_auxiliary_iat_copy 00000000     <absolute>
 0000:00000000       ___hybrid_code_map         00000000     <absolute>
 0000:00000000       ___hybrid_code_map_count   00000000     <absolute>
 0000:00000000       ___hybrid_image_info_bitfield 00000000     <absolute>
 0000:00000000       ___x64_code_ranges_to_entry_points 00000000     <absolute>
 0000:00000000       ___x64_code_ranges_to_entry_points_count 00000000     <absolute>
 0000:0000000e       ___safe_se_handler_count   0000000e     <absolute>
 0000:00000100       ___guard_flags             00000100     <absolute>
 0000:00000000       ___ImageBase               10000000     <linker-defined>
 0001:000000b0       ??$_Allocate_at_least_helper@V?$allocator@D@std@@@std@@YAPADAAV?$allocator@D@0@AAI@Z 100010b0 f i tdshook.obj
 0001:00000100       ??$_Allocate_for_capacity@$0A@@?$basic_string@DU?$char_traits@D@std@@V?$allocator@D@2@@std@@CAPADAAV?$allocator@D@1@AAI@Z 10001100 f i tdshook.obj
 0001:00000160       ??0bad_alloc@std@@QAE@ABV01@@Z 10001160 f i tdshook.obj
 0001:000001a0       ??0bad_array_new_length@std@@QAE@ABV01@@Z 100011a0 f i tdshook.obj
 0001:000001e0       ??0bad_array_new_length@std@@QAE@XZ 100011e0 f i tdshook.obj
 0001:00000200       ??0exception@std@@QAE@ABV01@@Z 10001200 f i tdshook.obj
 0001:00000230       ??1?$basic_string@DU?$char_traits@D@std@@V?$allocator@D@2@@std@@QAE@XZ 10001230 f i tdshook.obj
 0001:00000280       ??1?$vector@UPatByte@sigscan@@V?$allocator@UPatByte@sigscan@@@std@@@std@@QAE@XZ 10001280 f i tdshook.obj
 0001:000002e0       ??1bad_alloc@std@@UAE@XZ   100012e0 f i tdshook.obj
 0001:000002e0       ??1bad_array_new_length@std@@UAE@XZ 100012e0 f i tdshook.obj
 0001:000002e0       ??1bad_cast@std@@UAE@XZ    100012e0 f i sigscan_lib:sigscan.obj
 0001:00000300       ??_Ebad_alloc@std@@UAEPAXI@Z 10001300 f i tdshook.obj
 0001:00000300       ??_Ebad_array_new_length@std@@UAEPAXI@Z 10001300 f i tdshook.obj
 0001:00000300       ??_Ebad_cast@std@@UAEPAXI@Z 10001300 f i sigscan_lib:sigscan.obj
 0001:00000300       ??_Eexception@std@@UAEPAXI@Z 10001300 f i tdshook.obj
 0001:00000300       ??_Gbad_alloc@std@@UAEPAXI@Z 10001300 f i tdshook.obj
 0001:00000300       ??_Gbad_array_new_length@std@@UAEPAXI@Z 10001300 f i tdshook.obj
 0001:00000300       ??_Gbad_cast@std@@UAEPAXI@Z 10001300 f i sigscan_lib:sigscan.obj
 0001:00000300       ??_Gexception@std@@UAEPAXI@Z 10001300 f i tdshook.obj
 0001:00000690       ?HookReopenSpread@@YAXXZ   10001690 f   tdshook.obj
 0001:000010f0       ?_Throw_bad_array_new_length@std@@YAXXZ 100020f0 f i tdshook.obj
 0001:000010f0       ?__scrt_throw_std_bad_array_new_length@@YAXXZ 100020f0 f i MSVCRT:throw_bad_alloc.obj
 0001:00001110       ?_Xlen_string@std@@YAXXZ   10002110 f i tdshook.obj
 0001:00001120       ?deallocate@?$allocator@D@std@@QAEXQADI@Z 10002120 f i tdshook.obj
 0001:00001160       ?what@exception@std@@UBEPBDXZ 10002160 f i tdshook.obj
 0001:00001170       _DllMain@12                10002170 f   tdshook.obj
 0001:00001200       ___local_stdio_printf_options 10002200 f i tdshook.obj
 0001:00001210       _fprintf                   10002210 f i tdshook.obj
 0001:00001c40       ?GuiUseMySpread@@YA_NXZ    10002c40 f   gui_inject.obj
 0001:00001c50       ?GuiUseMyTickData@@YA_NXZ  10002c50 f   gui_inject.obj
 0001:00002cb0       ?StartGuiInjection@@YAXPAUHINSTANCE__@@@Z 10003cb0 f   gui_inject.obj
 0001:00002e10       _swprintf                  10003e10 f i gui_inject.obj
 0001:00002e40       ?Close@slip@@YAXXZ         10003e40 f   slippage.obj
 0001:00002e80       ?Open@slip@@YA_NXZ         10003e80 f   slippage.obj
 0001:00002f00       ??$_Allocate_for_capacity@$0A@@?$basic_string@_WU?$char_traits@_W@std@@V?$allocator@_W@2@@std@@CAPA_WAAV?$allocator@_W@1@AAI@Z 10003f00 f i fxt_patch.obj
 0001:00002f60       ??$_Construct@$00PB_W@?$basic_string@_WU?$char_traits@_W@std@@V?$allocator@_W@2@@std@@AAEXQB_WI@Z 10003f60 f i fxt_patch.obj
 0001:00003000       ??0?$basic_string@_WU?$char_traits@_W@std@@V?$allocator@_W@2@@std@@QAE@QB_W@Z 10004000 f i fxt_patch.obj
 0001:00003050       ??1?$basic_string@_WU?$char_traits@_W@std@@V?$allocator@_W@2@@std@@QAE@XZ 10004050 f i fxt_patch.obj
 0001:00003050       ?_Tidy_deallocate@?$basic_string@_WU?$char_traits@_W@std@@V?$allocator@_W@2@@std@@AAEXXZ 10004050 f i fxt_patch.obj
 0001:000030b0       ??Y?$basic_string@_WU?$char_traits@_W@std@@V?$allocator@_W@2@@std@@QAEAAV01@QB_W@Z 100040b0 f i fxt_patch.obj
 0001:00003520       ?InstallFxtGuard@@YA_NXZ   10004520 f   fxt_patch.obj
 0001:00003e40       ?_Xran@?$_String_val@U?$_Simple_types@_W@std@@@std@@SAXXZ 10004e40 f i fxt_patch.obj
 0001:00003e50       ?append@?$basic_string@_WU?$char_traits@_W@std@@V?$allocator@_W@2@@std@@QAEAAV12@QB_WI@Z 10004e50 f i fxt_patch.obj
 0001:00003fd0       ___local_stdio_scanf_options 10004fd0 f i fxt_patch.obj
 0001:00003fe0       _fwprintf                  10004fe0 f i fxt_patch.obj
 0001:00004010       _sscanf_s                  10005010 f i fxt_patch.obj
 0001:00004070       ??$_Emplace_reallocate@AA_JAA_J@?$vector@U?$pair@_J_J@std@@V?$allocator@U?$pair@_J_J@std@@@2@@std@@AAEPAU?$pair@_J_J@1@QAU21@AA_J1@Z 10005070 f i fxt_virtual.obj
 0001:000045d0       ??0?$basic_string@_WU?$char_traits@_W@std@@V?$allocator@_W@2@@std@@QAE@I_W@Z 100055d0 f i fxt_virtual.obj
 0001:000046d0       ??0?$vector@EV?$allocator@E@std@@@std@@QAE@IABV?$allocator@E@1@@Z 100056d0 f i fxt_virtual.obj
 0001:00004770       ??1?$vector@EV?$allocator@E@std@@@std@@QAE@XZ 10005770 f i fxt_virtual.obj
 0001:00004cd0       ?Load@vfxt@@YA_NPAUHINSTANCE__@@@Z 10005cd0 f   fxt_virtual.obj
 0001:00004e10       ?LoadPath@vfxt@@YA_NPB_W@Z 10005e10 f   fxt_virtual.obj
 0001:000057d0       ?MatchName@vfxt@@YA_NPB_W@Z 100067d0 f   fxt_virtual.obj
 0001:00005950       ?RealSpreadPrice@vfxt@@YANHN@Z 10006950 f   fxt_virtual.obj
 0001:00005cb0       ?Serve@vfxt@@YAX_KPAXI@Z   10006cb0 f   fxt_virtual.obj
 0001:00005fa0       ?_Xlength@?$vector@EV?$allocator@E@std@@@std@@CAXXZ 10006fa0 f i fxt_virtual.obj
 0001:00005fa0       ?_Xlength@?$vector@IV?$allocator@I@std@@@std@@CAXXZ 10006fa0 f i sigscan_lib:sigscan.obj
 0001:00005fa0       ?_Xlength@?$vector@U?$pair@_J_J@std@@V?$allocator@U?$pair@_J_J@std@@@2@@std@@CAXXZ 10006fa0 f i fxt_virtual.obj
 0001:00005fa0       ?_Xlength@?$vector@UPatByte@sigscan@@V?$allocator@UPatByte@sigscan@@@std@@@std@@CAXXZ 10006fa0 f i sigscan_lib:sigscan.obj
 0001:000066d0       _puff                      100076d0 f   puff.obj
 0001:00007010       _MH_CreateHook@12          10008010 f   minhook.x32:hook.obj
 0001:00007220       _MH_DisableHook@4          10008220 f   minhook.x32:hook.obj
 0001:00007240       _MH_EnableHook@4           10008240 f   minhook.x32:hook.obj
 0001:00007260       _MH_Initialize@0           10008260 f   minhook.x32:hook.obj
 0001:000072b0       _MH_Uninitialize@0         100082b0 f   minhook.x32:hook.obj
 0001:000074f0       _AllocateBuffer            100084f0 f   minhook.x32:buffer.obj
 0001:00007570       _FreeBuffer                10008570 f   minhook.x32:buffer.obj
 0001:000075e0       ?__empty_global_delete@@YAXPAXI@Z 100085e0 f   msvcprt:locale0_implib.obj
 0001:000075e0       ?__global_delete@@YAXPAXI@Z 100085e0 f   msvcprt:locale0_implib.obj
 0001:000075e0       @_guard_check_icall_nop@4  100085e0 f   MSVCRT:guard_support.obj
 0001:000075e0       _InitializeBuffer          100085e0 f   minhook.x32:buffer.obj
 0001:000075f0       _IsExecutableAddress       100085f0 f   minhook.x32:buffer.obj
 0001:00007630       _UninitializeBuffer        10008630 f   minhook.x32:buffer.obj
 0001:00007670       _CreateTrampolineFunction  10008670 f   minhook.x32:trampoline.obj
 0001:00007990       _hde32_disasm              10008990 f   minhook.x32:hde32.obj
 0001:000080d0       ??$?5DU?$char_traits@D@std@@V?$allocator@D@1@@std@@YAAAV?$basic_istream@DU?$char_traits@D@std@@@0@AAV10@AAV?$basic_string@DU?$char_traits@D@std@@V?$allocator@D@2@@0@@Z 100090d0 f i sigscan_lib:sigscan.obj
 0001:000082c0       ??$_Emplace_reallocate@ABI@?$vector@IV?$allocator@I@std@@@std@@AAEPAIQAIABI@Z 100092c0 f i sigscan_lib:sigscan.obj
 0001:00008420       ??$_Emplace_reallocate@UPatByte@sigscan@@@?$vector@UPatByte@sigscan@@V?$allocator@UPatByte@sigscan@@@std@@@std@@AAEPAUPatByte@sigscan@@QAU23@$$QAU23@@Z 10009420 f i sigscan_lib:sigscan.obj
 0001:00008580       ??$use_facet@V?$ctype@D@std@@@std@@YAABV?$ctype@D@0@ABVlocale@0@@Z 10009580 f i sigscan_lib:sigscan.obj
 0001:00008670       ??0?$basic_istringstream@DU?$char_traits@D@std@@V?$allocator@D@2@@std@@QAE@ABV?$basic_string@DU?$char_traits@D@std@@V?$allocator@D@2@@1@H@Z 10009670 f i sigscan_lib:sigscan.obj
 0001:000087d0       ??0?$fpos@U_Mbstatet@@@std@@QAE@_J@Z 100097d0 f i sigscan_lib:sigscan.obj
 0001:00008800       ??0bad_cast@std@@QAE@ABV01@@Z 10009800 f i sigscan_lib:sigscan.obj
 0001:00008840       ??0bad_cast@std@@QAE@XZ    10009840 f i sigscan_lib:sigscan.obj
 0001:00008860       ??1?$basic_stringbuf@DU?$char_traits@D@std@@V?$allocator@D@2@@std@@UAE@XZ 10009860 f i sigscan_lib:sigscan.obj
 0001:00008900       ??1?$unique_ptr@V_Facet_base@std@@U?$default_delete@V_Facet_base@std@@@2@@std@@QAE@XZ 10009900 f i sigscan_lib:sigscan.obj
 0001:00008910       ??1?$vector@IV?$allocator@I@std@@@std@@QAE@XZ 10009910 f i sigscan_lib:sigscan.obj
 0001:00008970       ??1_Sentry_base@?$basic_istream@DU?$char_traits@D@std@@@std@@QAE@XZ 10009970 f i sigscan_lib:sigscan.obj
 0001:000089c0       ??1locale@std@@QAE@XZ      100099c0 f i sigscan_lib:sigscan.obj
 0001:000089e0       ??1sentry@?$basic_istream@DU?$char_traits@D@std@@@std@@QAE@XZ 100099e0 f i sigscan_lib:sigscan.obj
 0001:00008a40       ??_D?$basic_istringstream@DU?$char_traits@D@std@@V?$allocator@D@2@@std@@QAEXXZ 10009a40 f i sigscan_lib:sigscan.obj
 0001:00008a77       ??_E?$basic_istringstream@DU?$char_traits@D@std@@V?$allocator@D@2@@std@@$4PPPPPPPM@A@AEPAXI@Z 10009a77 f i sigscan_lib:sigscan.obj
 0001:00008a80       ??_E?$basic_istringstream@DU?$char_traits@D@std@@V?$allocator@D@2@@std@@UAEPAXI@Z 10009a80 f i sigscan_lib:sigscan.obj
 0001:00008a80       ??_G?$basic_istringstream@DU?$char_traits@D@std@@V?$allocator@D@2@@std@@UAEPAXI@Z 10009a80 f i sigscan_lib:sigscan.obj
 0001:00008ae0       ??_E?$basic_stringbuf@DU?$char_traits@D@std@@V?$allocator@D@2@@std@@UAEPAXI@Z 10009ae0 f i sigscan_lib:sigscan.obj
 0001:00008ae0       ??_G?$basic_stringbuf@DU?$char_traits@D@std@@V?$allocator@D@2@@std@@UAEPAXI@Z 10009ae0 f i sigscan_lib:sigscan.obj
 0001:00008b10       ?FindAll@sigscan@@YA?AV?$vector@IV?$allocator@I@std@@@std@@PBEIABV?$vector@UPatByte@sigscan@@V?$allocator@UPatByte@sigscan@@@std@@@3@@Z 10009b10 f   sigscan_lib:sigscan.obj
 0001:00008c00       ?FindFirst@sigscan@@YAPBEPBEIABV?$vector@UPatByte@sigscan@@V?$allocator@UPatByte@sigscan@@@std@@@std@@@Z 10009c00 f   sigscan_lib:sigscan.obj
 0001:00008c70       ?ParsePattern@sigscan@@YA?AV?$vector@UPatByte@sigscan@@V?$allocator@UPatByte@sigscan@@@std@@@std@@ABV?$basic_string@DU?$char_traits@D@std@@V?$allocator@D@2@@3@@Z 10009c70 f   sigscan_lib:sigscan.obj
 0001:00009010       ?_Throw_bad_cast@std@@YAXXZ 1000a010 f i sigscan_lib:sigscan.obj
 0001:00009030       ?hex@std@@YAAAVios_base@1@AAV21@@Z 1000a030 f i sigscan_lib:sigscan.obj
 0001:00009050       ?overflow@?$basic_stringbuf@DU?$char_traits@D@std@@V?$allocator@D@2@@std@@MAEHH@Z 1000a050 f i sigscan_lib:sigscan.obj
 0001:00009190       ?pbackfail@?$basic_stringbuf@DU?$char_traits@D@std@@V?$allocator@D@2@@std@@MAEHH@Z 1000a190 f i sigscan_lib:sigscan.obj
 0001:00009200       ?push_back@?$basic_string@DU?$char_traits@D@std@@V?$allocator@D@2@@std@@QAEXD@Z 1000a200 f i sigscan_lib:sigscan.obj
 0001:00009320       ?seekoff@?$basic_stringbuf@DU?$char_traits@D@std@@V?$allocator@D@2@@std@@MAE?AV?$fpos@U_Mbstatet@@@2@_JHH@Z 1000a320 f i sigscan_lib:sigscan.obj
 0001:000094f0       ?seekpos@?$basic_stringbuf@DU?$char_traits@D@std@@V?$allocator@D@2@@std@@MAE?AV?$fpos@U_Mbstatet@@@2@V32@H@Z 1000a4f0 f i sigscan_lib:sigscan.obj
 0001:00009650       ?underflow@?$basic_stringbuf@DU?$char_traits@D@std@@V?$allocator@D@2@@std@@MAEHXZ 1000a650 f i sigscan_lib:sigscan.obj
 0001:000096c8       _K32GetModuleInformation@16 1000a6c8 f   kernel32:KERNEL32.dll
 0001:000096ce       _CreateToolhelp32Snapshot@8 1000a6ce f   kernel32:KERNEL32.dll
 0001:000096d4       _Thread32First@8           1000a6d4 f   kernel32:KERNEL32.dll
 0001:000096da       _Thread32Next@8            1000a6da f   kernel32:KERNEL32.dll
 0001:000096e0       ?_Xlength_error@std@@YAXPBD@Z 1000a6e0 f   msvcprt:MSVCP140.dll
 0001:000096e6       ?_Xout_of_range@std@@YAXPBD@Z 1000a6e6 f   msvcprt:MSVCP140.dll
 0001:000096ec       ?_Xbad_alloc@std@@YAXXZ    1000a6ec f   msvcprt:MSVCP140.dll
 0001:000096f2       ??1_Fac_node@std@@QAE@XZ   1000a6f2 f i msvcprt:locale0_implib.obj
 0001:00009723       ??1_Fac_tidy_reg_t@std@@QAE@XZ 1000a723 f i msvcprt:locale0_implib.obj
 0001:0000973e       ??_G_Fac_node@std@@QAEPAXI@Z 1000a73e f i msvcprt:locale0_implib.obj
 0001:0000976f       ?_Facet_Register@std@@YAXPAV_Facet_base@1@@Z 1000a76f f   msvcprt:locale0_implib.obj
 0001:0000979d       ?_Getgloballocale@locale@std@@CAPAV_Locimp@12@XZ 1000a79d f   msvcprt:MSVCP140.dll
 0001:000097a3       ?xsgetn@?$basic_streambuf@DU?$char_traits@D@std@@@std@@MAE_JPAD_J@Z 1000a7a3 f   msvcprt:MSVCP140.dll
 0001:000097a9       ?xsputn@?$basic_streambuf@DU?$char_traits@D@std@@@std@@MAE_JPBD_J@Z 1000a7a9 f   msvcprt:MSVCP140.dll
 0001:000097af       ?imbue@?$basic_streambuf@DU?$char_traits@D@std@@@std@@MAEXABVlocale@2@@Z 1000a7af f   msvcprt:MSVCP140.dll
 0001:000097b5       ?sync@?$basic_streambuf@DU?$char_traits@D@std@@@std@@MAEHXZ 1000a7b5 f   msvcprt:MSVCP140.dll
 0001:000097bb       ?setbuf@?$basic_streambuf@DU?$char_traits@D@std@@@std@@MAEPAV12@PAD_J@Z 1000a7bb f   msvcprt:MSVCP140.dll
 0001:000097c1       ?uflow@?$basic_streambuf@DU?$char_traits@D@std@@@std@@MAEHXZ 1000a7c1 f   msvcprt:MSVCP140.dll
 0001:000097c7       ?showmanyc@?$basic_streambuf@DU?$char_traits@D@std@@@std@@MAE_JXZ 1000a7c7 f   msvcprt:MSVCP140.dll
 0001:000097cd       ?_Unlock@?$basic_streambuf@DU?$char_traits@D@std@@@std@@UAEXXZ 1000a7cd f   msvcprt:MSVCP140.dll
 0001:000097d3       ?_Lock@?$basic_streambuf@DU?$char_traits@D@std@@@std@@UAEXXZ 1000a7d3 f   msvcprt:MSVCP140.dll
 0001:000097d9       ??2@YAPAXI@Z               1000a7d9 f   MSVCRT:new_scalar.obj
 0001:00009809       ??3@YAXPAXI@Z              1000a809 f   MSVCRT:delete_scalar_size.obj
 0001:00009817       @__security_check_cookie@4 1000a817 f   MSVCRT:secchk.obj
 0001:00009830       __alldiv                   1000a830 f   MSVCRT:lldiv.obj
 0001:000098e0       __allmul                   1000a8e0 f   MSVCRT:llmul.obj
 0001:00009914       __except_handler4          1000a914 f   MSVCRT:chandler4gs.obj
 0001:00009943       ??_Etype_info@@UAEPAXI@Z   1000a943 f i MSVCRT:std_type_info_static.obj
 0001:00009943       ??_Gtype_info@@UAEPAXI@Z   1000a943 f i MSVCRT:std_type_info_static.obj
 0001:00009970       ___raise_securityfailure   1000a970 f   MSVCRT:gs_report.obj
 0001:00009998       ___report_gsfailure        1000a998 f   MSVCRT:gs_report.obj
 0001:00009a93       ___report_rangecheckfailure 1000aa93 f   MSVCRT:gs_report.obj
 0001:00009aa0       ___report_securityfailure  1000aaa0 f   MSVCRT:gs_report.obj
 0001:00009bb2       ___scrt_acquire_startup_lock 1000abb2 f   MSVCRT:utility.obj
 0001:00009be4       ___scrt_dllmain_after_initialize_c 1000abe4 f   MSVCRT:utility.obj
 0001:00009c0f       ___scrt_dllmain_before_initialize_c 1000ac0f f   MSVCRT:utility.obj
 0001:00009c1d       ___scrt_dllmain_crt_thread_attach 1000ac1d f   MSVCRT:utility.obj
 0001:00009c3c       ___scrt_dllmain_crt_thread_detach 1000ac3c f   MSVCRT:utility.obj
 0001:00009c49       ___scrt_dllmain_exception_filter 1000ac49 f   MSVCRT:utility.obj
 0001:00009c7d       ___scrt_dllmain_uninitialize_c 1000ac7d f   MSVCRT:utility.obj
 0001:00009ca0       ___scrt_dllmain_uninitialize_critical 1000aca0 f   MSVCRT:utility.obj
 0001:00009cad       ___scrt_initialize_crt     1000acad f   MSVCRT:utility.obj
 0001:00009ce6       ___scrt_initialize_onexit_tables 1000ace6 f   MSVCRT:utility.obj
 0001:00009d6d       ___scrt_is_nonwritable_in_current_image 1000ad6d f   MSVCRT:utility.obj
 0001:00009e01       ___scrt_release_startup_lock 1000ae01 f   MSVCRT:utility.obj
 0001:00009e1e       ___scrt_uninitialize_crt   1000ae1e f   MSVCRT:utility.obj
 0001:00009e46       __onexit                   1000ae46 f   MSVCRT:utility.obj
 0001:00009e74       _atexit                    1000ae74 f   MSVCRT:utility.obj
 0001:00009e90       __allrem                   1000ae90 f   MSVCRT:llrem.obj
 0001:00009f50       __aulldvrm                 1000af50 f   MSVCRT:ulldvrm.obj
 0001:0000a323       __DllMainCRTStartup@12     1000b323 f   MSVCRT:dll_dllmain.obj
 0001:0000a346       ??0bad_alloc@std@@QAE@XZ   1000b346 f i MSVCRT:throw_bad_alloc.obj
 0001:0000a35e       ?__scrt_throw_std_bad_alloc@@YAXXZ 1000b35e f   MSVCRT:throw_bad_alloc.obj
 0001:0000a37b       ??3@YAXPAX@Z               1000b37b f   MSVCRT:delete_scalar.obj
 0001:0000a380       ___isa_available_init      1000b380 f   MSVCRT:cpu_disp.obj
 0001:0000a6ad       __get_startup_argv_mode    1000b6ad f   MSVCRT:argv_mode.obj
 0001:0000a6b1       ___scrt_is_ucrt_dll_in_use 1000b6b1 f   MSVCRT:ucrt_detection.obj
 0001:0000a6bd       ___scrt_fastfail           1000b6bd f   MSVCRT:utility_desktop.obj
 0001:0000a7d2       __crt_debugger_hook        1000b7d2 f   MSVCRT:utility_desktop.obj
 0001:0000a7e0       __SEH_prolog4              1000b7e0 f   MSVCRT:sehprolg4.obj
 0001:0000a872       ___security_init_cookie    1000b872 f   MSVCRT:gs_support.obj
 0001:0000a8bd       ?__scrt_initialize_type_info@@YAXXZ 1000b8bd f   MSVCRT:tncleanup.obj
 0001:0000a8c9       ?__scrt_uninitialize_type_info@@YAXXZ 1000b8c9 f   MSVCRT:tncleanup.obj
 0001:0000a8d5       ___scrt_initialize_default_local_stdio_options 1000b8d5 f   MSVCRT:default_local_stdio_options.obj
 0001:0000a8f2       ___scrt_get_dyn_tls_init_callback 1000b8f2 f   MSVCRT:dyn_tls_init.obj
 0001:0000a8f8       __RTC_Initialize           1000b8f8 f   MSVCRT:initsect.obj
 0001:0000a924       __RTC_Terminate            1000b924 f   MSVCRT:initsect.obj
 0001:0000a950       _wcsrchr                   1000b950 f   vcruntime:VCRUNTIME140.dll
 0001:0000a956       ___std_exception_copy      1000b956 f   vcruntime:VCRUNTIME140.dll
 0001:0000a95c       ___std_exception_destroy   1000b95c f   vcruntime:VCRUNTIME140.dll
 0001:0000a962       __CxxThrowException@8      1000b962 f   vcruntime:VCRUNTIME140.dll
 0001:0000a968       ___CxxFrameHandler3        1000b968 f   vcruntime:VCRUNTIME140.dll
 0001:0000a96e       _memcpy                    1000b96e f   vcruntime:VCRUNTIME140.dll
 0001:0000a974       _wcsstr                    1000b974 f   vcruntime:VCRUNTIME140.dll
 0001:0000a97a       _memset                    1000b97a f   vcruntime:VCRUNTIME140.dll
 0001:0000a980       _memmove                   1000b980 f   vcruntime:VCRUNTIME140.dll
 0001:0000a986       _longjmp                   1000b986 f   vcruntime:VCRUNTIME140.dll
 0001:0000a98c       __setjmp3                  1000b98c f   vcruntime:VCRUNTIME140.dll
 0001:0000a992       ___std_terminate           1000b992 f   vcruntime:VCRUNTIME140.dll
 0001:0000a998       __except_handler4_common   1000b998 f   vcruntime:VCRUNTIME140.dll
 0001:0000a99e       ___std_type_info_destroy_list 1000b99e f   vcruntime:VCRUNTIME140.dll
 0001:0000a9a4       _free                      1000b9a4 f   ucrt:api-ms-win-crt-heap-l1-1-0.dll
 0001:0000a9aa       _malloc                    1000b9aa f   ucrt:api-ms-win-crt-heap-l1-1-0.dll
 0001:0000a9b0       __callnewh                 1000b9b0 f   ucrt:api-ms-win-crt-heap-l1-1-0.dll
 0001:0000a9b6       __seh_filter_dll           1000b9b6 f   ucrt:api-ms-win-crt-runtime-l1-1-0.dll
 0001:0000a9bc       __configure_narrow_argv    1000b9bc f   ucrt:api-ms-win-crt-runtime-l1-1-0.dll
 0001:0000a9c2       __initialize_narrow_environment 1000b9c2 f   ucrt:api-ms-win-crt-runtime-l1-1-0.dll
 0001:0000a9c8       __initialize_onexit_table  1000b9c8 f   ucrt:api-ms-win-crt-runtime-l1-1-0.dll
 0001:0000a9ce       __register_onexit_function 1000b9ce f   ucrt:api-ms-win-crt-runtime-l1-1-0.dll
 0001:0000a9d4       __execute_onexit_table     1000b9d4 f   ucrt:api-ms-win-crt-runtime-l1-1-0.dll
 0001:0000a9da       __crt_atexit               1000b9da f   ucrt:api-ms-win-crt-runtime-l1-1-0.dll
 0001:0000a9e0       __cexit                    1000b9e0 f   ucrt:api-ms-win-crt-runtime-l1-1-0.dll
 0001:0000a9e6       __initterm                 1000b9e6 f   ucrt:api-ms-win-crt-runtime-l1-1-0.dll
 0001:0000a9ec       __initterm_e               1000b9ec f   ucrt:api-ms-win-crt-runtime-l1-1-0.dll
 0001:0000a9f2       __filter_x86_sse2_floating_point_exception 1000b9f2 f   MSVCRT:x86_exception_filter.obj
 0001:0000a9f2       __filter_x86_sse2_floating_point_exception_default 1000b9f2 f   MSVCRT:x86_exception_filter.obj
 0001:0000aa69       ___acrt_initialize         1000ba69 f   MSVCRT:ucrt_stubs.obj
 0001:0000aa69       ___acrt_thread_attach      1000ba69 f   MSVCRT:ucrt_stubs.obj
 0001:0000aa69       ___acrt_thread_detach      1000ba69 f   MSVCRT:ucrt_stubs.obj
 0001:0000aa69       ___acrt_uninitialize       1000ba69 f   MSVCRT:ucrt_stubs.obj
 0001:0000aa69       ___acrt_uninitialize_critical 1000ba69 f   MSVCRT:ucrt_stubs.obj
 0001:0000aa69       ___scrt_stub_for_acrt_initialize 1000ba69 f   MSVCRT:ucrt_stubs.obj
 0001:0000aa69       ___scrt_stub_for_acrt_thread_attach 1000ba69 f   MSVCRT:ucrt_stubs.obj
 0001:0000aa69       ___scrt_stub_for_acrt_thread_detach 1000ba69 f   MSVCRT:ucrt_stubs.obj
 0001:0000aa69       ___scrt_stub_for_acrt_uninitialize 1000ba69 f   MSVCRT:ucrt_stubs.obj
 0001:0000aa69       ___scrt_stub_for_acrt_uninitialize_critical 1000ba69 f   MSVCRT:ucrt_stubs.obj
 0001:0000aa69       ___vcrt_initialize         1000ba69 f   MSVCRT:ucrt_stubs.obj
 0001:0000aa69       ___vcrt_thread_attach      1000ba69 f   MSVCRT:ucrt_stubs.obj
 0001:0000aa69       ___vcrt_thread_detach      1000ba69 f   MSVCRT:ucrt_stubs.obj
 0001:0000aa69       ___vcrt_uninitialize       1000ba69 f   MSVCRT:ucrt_stubs.obj
 0001:0000aa69       ___vcrt_uninitialize_critical 1000ba69 f   MSVCRT:ucrt_stubs.obj
 0001:0000aa6c       ___scrt_stub_for_is_c_termination_complete 1000ba6c f   MSVCRT:ucrt_stubs.obj
 0001:0000aa6c       __is_c_termination_complete 1000ba6c f   MSVCRT:ucrt_stubs.obj
 0002:00000000       __imp__InitCommonControlsEx@4 1000c000     comctl32:COMCTL32.dll
 0002:00000004       \177COMCTL32_NULL_THUNK_DATA 1000c004     comctl32:COMCTL32.dll
 0002:00000008       __imp__CreateFontW@56      1000c008     gdi32:GDI32.dll
 0002:0000000c       \177GDI32_NULL_THUNK_DATA  1000c00c     gdi32:GDI32.dll
 0002:00000010       __imp__AddVectoredExceptionHandler@8 1000c010     kernel32:KERNEL32.dll
 0002:00000014       __imp__GetCurrentProcess@0 1000c014     kernel32:KERNEL32.dll
 0002:00000018       __imp__CreateThread@24     1000c018     kernel32:KERNEL32.dll
 0002:0000001c       __imp__FlushInstructionCache@12 1000c01c     kernel32:KERNEL32.dll
 0002:00000020       __imp__VirtualProtect@16   1000c020     kernel32:KERNEL32.dll
 0002:00000024       __imp__CreateFileMappingW@24 1000c024     kernel32:KERNEL32.dll
 0002:00000028       __imp__MapViewOfFile@20    1000c028     kernel32:KERNEL32.dll
 0002:0000002c       __imp__UnmapViewOfFile@4   1000c02c     kernel32:KERNEL32.dll
 0002:00000030       __imp__DisableThreadLibraryCalls@4 1000c030     kernel32:KERNEL32.dll
 0002:00000034       __imp__GetModuleFileNameW@12 1000c034     kernel32:KERNEL32.dll
 0002:00000038       __imp__GetModuleHandleW@4  1000c038     kernel32:KERNEL32.dll
 0002:0000003c       __imp__GetModuleHandleExW@12 1000c03c     kernel32:KERNEL32.dll
 0002:00000040       __imp__K32GetModuleInformation@16 1000c040     kernel32:KERNEL32.dll
 0002:00000044       __imp__Sleep@4             1000c044     kernel32:KERNEL32.dll
 0002:00000048       __imp__GetCurrentProcessId@0 1000c048     kernel32:KERNEL32.dll
 0002:0000004c       __imp__WideCharToMultiByte@32 1000c04c     kernel32:KERNEL32.dll
 0002:00000050       __imp__OpenFileMappingW@12 1000c050     kernel32:KERNEL32.dll
 0002:00000054       __imp__DeleteFileW@4       1000c054     kernel32:KERNEL32.dll
 0002:00000058       __imp__SetFilePointerEx@20 1000c058     kernel32:KERNEL32.dll
 0002:0000005c       __imp__InitializeCriticalSection@4 1000c05c     kernel32:KERNEL32.dll
 0002:00000060       __imp__EnterCriticalSection@4 1000c060     kernel32:KERNEL32.dll
 0002:00000064       __imp__LeaveCriticalSection@4 1000c064     kernel32:KERNEL32.dll
 0002:00000068       __imp__WaitForSingleObject@8 1000c068     kernel32:KERNEL32.dll
 0002:0000006c       __imp__CreateProcessW@40   1000c06c     kernel32:KERNEL32.dll
 0002:00000070       __imp__GetProcAddress@8    1000c070     kernel32:KERNEL32.dll
 0002:00000074       __imp__MultiByteToWideChar@24 1000c074     kernel32:KERNEL32.dll
 0002:00000078       __imp__CompareFileTime@8   1000c078     kernel32:KERNEL32.dll
 0002:0000007c       __imp__GetFileAttributesExW@12 1000c07c     kernel32:KERNEL32.dll
 0002:00000080       __imp__CloseHandle@4       1000c080     kernel32:KERNEL32.dll
 0002:00000084       __imp__ReadFile@20         1000c084     kernel32:KERNEL32.dll
 0002:00000088       __imp__GetLastError@0      1000c088     kernel32:KERNEL32.dll
 0002:0000008c       __imp__HeapCreate@12       1000c08c     kernel32:KERNEL32.dll
 0002:00000090       __imp__HeapDestroy@4       1000c090     kernel32:KERNEL32.dll
 0002:00000094       __imp__HeapAlloc@12        1000c094     kernel32:KERNEL32.dll
 0002:00000098       __imp__HeapReAlloc@16      1000c098     kernel32:KERNEL32.dll
 0002:0000009c       __imp__HeapFree@12         1000c09c     kernel32:KERNEL32.dll
 0002:000000a0       __imp__GetCurrentThreadId@0 1000c0a0     kernel32:KERNEL32.dll
 0002:000000a4       __imp__OpenThread@12       1000c0a4     kernel32:KERNEL32.dll
 0002:000000a8       __imp__SuspendThread@4     1000c0a8     kernel32:KERNEL32.dll
 0002:000000ac       __imp__ResumeThread@4      1000c0ac     kernel32:KERNEL32.dll
 0002:000000b0       __imp__GetThreadContext@8  1000c0b0     kernel32:KERNEL32.dll
 0002:000000b4       __imp__SetThreadContext@8  1000c0b4     kernel32:KERNEL32.dll
 0002:000000b8       __imp__CreateToolhelp32Snapshot@8 1000c0b8     kernel32:KERNEL32.dll
 0002:000000bc       __imp__Thread32First@8     1000c0bc     kernel32:KERNEL32.dll
 0002:000000c0       __imp__Thread32Next@8      1000c0c0     kernel32:KERNEL32.dll
 0002:000000c4       __imp__VirtualAlloc@16     1000c0c4     kernel32:KERNEL32.dll
 0002:000000c8       __imp__VirtualFree@12      1000c0c8     kernel32:KERNEL32.dll
 0002:000000cc       __imp__VirtualQuery@12     1000c0cc     kernel32:KERNEL32.dll
 0002:000000d0       __imp__GetSystemTimeAsFileTime@4 1000c0d0     kernel32:KERNEL32.dll
 0002:000000d4       __imp__QueryPerformanceCounter@4 1000c0d4     kernel32:KERNEL32.dll
 0002:000000d8       __imp__IsDebuggerPresent@0 1000c0d8     kernel32:KERNEL32.dll
 0002:000000dc       __imp__IsProcessorFeaturePresent@4 1000c0dc     kernel32:KERNEL32.dll
 0002:000000e0       __imp__TerminateProcess@8  1000c0e0     kernel32:KERNEL32.dll
 0002:000000e4       __imp__SetUnhandledExceptionFilter@4 1000c0e4     kernel32:KERNEL32.dll
 0002:000000e8       __imp__UnhandledExceptionFilter@4 1000c0e8     kernel32:KERNEL32.dll
 0002:000000ec       __imp__OutputDebugStringW@4 1000c0ec     kernel32:KERNEL32.dll
 0002:000000f0       __imp__OutputDebugStringA@4 1000c0f0     kernel32:KERNEL32.dll
 0002:000000f4       __imp__InitializeSListHead@4 1000c0f4     kernel32:KERNEL32.dll
 0002:000000f8       __imp__GetFileSizeEx@8     1000c0f8     kernel32:KERNEL32.dll
 0002:000000fc       __imp__CreateFileW@28      1000c0fc     kernel32:KERNEL32.dll
 0002:00000100       \177KERNEL32_NULL_THUNK_DATA 1000c100     kernel32:KERNEL32.dll
 0002:00000104       __imp_?setstate@?$basic_ios@DU?$char_traits@D@std@@@std@@QAEXH_N@Z 1000c104     msvcprt:MSVCP140.dll
 0002:00000108       __imp_?id@?$ctype@D@std@@2V0locale@2@A 1000c108     msvcprt:MSVCP140.dll
 0002:0000010c       __imp_?_Lock@?$basic_streambuf@DU?$char_traits@D@std@@@std@@UAEXXZ 1000c10c     msvcprt:MSVCP140.dll
 0002:00000110       __imp_?_Unlock@?$basic_streambuf@DU?$char_traits@D@std@@@std@@UAEXXZ 1000c110     msvcprt:MSVCP140.dll
 0002:00000114       __imp_?showmanyc@?$basic_streambuf@DU?$char_traits@D@std@@@std@@MAE_JXZ 1000c114     msvcprt:MSVCP140.dll
 0002:00000118       __imp_?uflow@?$basic_streambuf@DU?$char_traits@D@std@@@std@@MAEHXZ 1000c118     msvcprt:MSVCP140.dll
 0002:0000011c       __imp_?setbuf@?$basic_streambuf@DU?$char_traits@D@std@@@std@@MAEPAV12@PAD_J@Z 1000c11c     msvcprt:MSVCP140.dll
 0002:00000120       __imp_?sync@?$basic_streambuf@DU?$char_traits@D@std@@@std@@MAEHXZ 1000c120     msvcprt:MSVCP140.dll
 0002:00000124       __imp_?imbue@?$basic_streambuf@DU?$char_traits@D@std@@@std@@MAEXABVlocale@2@@Z 1000c124     msvcprt:MSVCP140.dll
 0002:00000128       __imp_??5?$basic_istream@DU?$char_traits@D@std@@@std@@QAEAAV01@AAI@Z 1000c128     msvcprt:MSVCP140.dll
 0002:0000012c       __imp_??5?$basic_istream@DU?$char_traits@D@std@@@std@@QAEAAV01@P6AAAVios_base@1@AAV21@@Z@Z 1000c12c     msvcprt:MSVCP140.dll
 0002:00000130       __imp_?_Ipfx@?$basic_istream@DU?$char_traits@D@std@@@std@@QAE_N_N@Z 1000c130     msvcprt:MSVCP140.dll
 0002:00000134       __imp_??1?$basic_istream@DU?$char_traits@D@std@@@std@@UAE@XZ 1000c134     msvcprt:MSVCP140.dll
 0002:00000138       __imp_??0?$basic_istream@DU?$char_traits@D@std@@@std@@QAE@PAV?$basic_streambuf@DU?$char_traits@D@std@@@1@_N@Z 1000c138     msvcprt:MSVCP140.dll
 0002:0000013c       __imp_?_Xlength_error@std@@YAXPBD@Z 1000c13c     msvcprt:MSVCP140.dll
 0002:00000140       __imp_?_Xout_of_range@std@@YAXPBD@Z 1000c140     msvcprt:MSVCP140.dll
 0002:00000144       __imp_??0_Lockit@std@@QAE@H@Z 1000c144     msvcprt:MSVCP140.dll
 0002:00000148       __imp_??1_Lockit@std@@QAE@XZ 1000c148     msvcprt:MSVCP140.dll
 0002:0000014c       __imp_?_Xbad_alloc@std@@YAXXZ 1000c14c     msvcprt:MSVCP140.dll
 0002:00000150       __imp_??Bid@locale@std@@QAEIXZ 1000c150     msvcprt:MSVCP140.dll
 0002:00000154       __imp_?_Getgloballocale@locale@std@@CAPAV_Locimp@12@XZ 1000c154     msvcprt:MSVCP140.dll
 0002:00000158       __imp_?_Getcat@?$ctype@D@std@@SAIPAPBVfacet@locale@2@PBV42@@Z 1000c158     msvcprt:MSVCP140.dll
 0002:0000015c       __imp_??Bios_base@std@@QBE_NXZ 1000c15c     msvcprt:MSVCP140.dll
 0002:00000160       __imp_?setf@ios_base@std@@QAEHHH@Z 1000c160     msvcprt:MSVCP140.dll
 0002:00000164       __imp_?width@ios_base@std@@QBE_JXZ 1000c164     msvcprt:MSVCP140.dll
 0002:00000168       __imp_?width@ios_base@std@@QAE_J_J@Z 1000c168     msvcprt:MSVCP140.dll
 0002:0000016c       __imp_?getloc@ios_base@std@@QBE?AVlocale@2@XZ 1000c16c     msvcprt:MSVCP140.dll
 0002:00000170       __imp_??0?$basic_streambuf@DU?$char_traits@D@std@@@std@@IAE@XZ 1000c170     msvcprt:MSVCP140.dll
 0002:00000174       __imp_??1?$basic_streambuf@DU?$char_traits@D@std@@@std@@UAE@XZ 1000c174     msvcprt:MSVCP140.dll
 0002:00000178       __imp_?sgetc@?$basic_streambuf@DU?$char_traits@D@std@@@std@@QAEHXZ 1000c178     msvcprt:MSVCP140.dll
 0002:0000017c       __imp_?snextc@?$basic_streambuf@DU?$char_traits@D@std@@@std@@QAEHXZ 1000c17c     msvcprt:MSVCP140.dll
 0002:00000180       __imp_?eback@?$basic_streambuf@DU?$char_traits@D@std@@@std@@IBEPADXZ 1000c180     msvcprt:MSVCP140.dll
 0002:00000184       __imp_?gptr@?$basic_streambuf@DU?$char_traits@D@std@@@std@@IBEPADXZ 1000c184     msvcprt:MSVCP140.dll
 0002:00000188       __imp_?pptr@?$basic_streambuf@DU?$char_traits@D@std@@@std@@IBEPADXZ 1000c188     msvcprt:MSVCP140.dll
 0002:0000018c       __imp_?egptr@?$basic_streambuf@DU?$char_traits@D@std@@@std@@IBEPADXZ 1000c18c     msvcprt:MSVCP140.dll
 0002:00000190       __imp_?gbump@?$basic_streambuf@DU?$char_traits@D@std@@@std@@IAEXH@Z 1000c190     msvcprt:MSVCP140.dll
 0002:00000194       __imp_?setg@?$basic_streambuf@DU?$char_traits@D@std@@@std@@IAEXPAD00@Z 1000c194     msvcprt:MSVCP140.dll
 0002:00000198       __imp_?epptr@?$basic_streambuf@DU?$char_traits@D@std@@@std@@IBEPADXZ 1000c198     msvcprt:MSVCP140.dll
 0002:0000019c       __imp_??0?$basic_ios@DU?$char_traits@D@std@@@std@@IAE@XZ 1000c19c     msvcprt:MSVCP140.dll
 0002:000001a0       __imp_?setp@?$basic_streambuf@DU?$char_traits@D@std@@@std@@IAEXPAD0@Z 1000c1a0     msvcprt:MSVCP140.dll
 0002:000001a4       __imp_?setp@?$basic_streambuf@DU?$char_traits@D@std@@@std@@IAEXPAD00@Z 1000c1a4     msvcprt:MSVCP140.dll
 0002:000001a8       __imp_?_Pninc@?$basic_streambuf@DU?$char_traits@D@std@@@std@@IAEPADXZ 1000c1a8     msvcprt:MSVCP140.dll
 0002:000001ac       __imp_?xsgetn@?$basic_streambuf@DU?$char_traits@D@std@@@std@@MAE_JPAD_J@Z 1000c1ac     msvcprt:MSVCP140.dll
 0002:000001b0       __imp_?xsputn@?$basic_streambuf@DU?$char_traits@D@std@@@std@@MAE_JPBD_J@Z 1000c1b0     msvcprt:MSVCP140.dll
 0002:000001b4       __imp_??1?$basic_ios@DU?$char_traits@D@std@@@std@@UAE@XZ 1000c1b4     msvcprt:MSVCP140.dll
 0002:000001b8       __imp_?rdbuf@?$basic_ios@DU?$char_traits@D@std@@@std@@QBEPAV?$basic_streambuf@DU?$char_traits@D@std@@@2@XZ 1000c1b8     msvcprt:MSVCP140.dll
 0002:000001bc       \177MSVCP140_NULL_THUNK_DATA 1000c1bc     msvcprt:MSVCP140.dll
 0002:000001c0       __imp__ShellExecuteExW@4   1000c1c0     shell32:SHELL32.dll
 0002:000001c4       \177SHELL32_NULL_THUNK_DATA 1000c1c4     shell32:SHELL32.dll
 0002:000001c8       __imp__PathRemoveFileSpecW@4 1000c1c8     shlwapi:SHLWAPI.dll
 0002:000001cc       \177SHLWAPI_NULL_THUNK_DATA 1000c1cc     shlwapi:SHLWAPI.dll
 0002:000001d0       __imp__SetForegroundWindow@4 1000c1d0     user32:USER32.dll
 0002:000001d4       __imp__GetWindowTextW@12   1000c1d4     user32:USER32.dll
 0002:000001d8       __imp__SystemParametersInfoA@16 1000c1d8     user32:USER32.dll
 0002:000001dc       __imp__LoadCursorA@8       1000c1dc     user32:USER32.dll
 0002:000001e0       __imp__GetWindowThreadProcessId@8 1000c1e0     user32:USER32.dll
 0002:000001e4       __imp__GetClassNameW@12    1000c1e4     user32:USER32.dll
 0002:000001e8       __imp__EnumWindows@8       1000c1e8     user32:USER32.dll
 0002:000001ec       __imp__GetDlgCtrlID@4      1000c1ec     user32:USER32.dll
 0002:000001f0       __imp__GetParent@4         1000c1f0     user32:USER32.dll
 0002:000001f4       __imp__GetDesktopWindow@0  1000c1f4     user32:USER32.dll
 0002:000001f8       __imp__SetWindowLongW@12   1000c1f8     user32:USER32.dll
 0002:000001fc       __imp__GetWindowLongW@8    1000c1fc     user32:USER32.dll
 0002:00000200       __imp__ScreenToClient@8    1000c200     user32:USER32.dll
 0002:00000204       __imp__MessageBoxW@16      1000c204     user32:USER32.dll
 0002:00000208       __imp__GetWindowRect@8     1000c208     user32:USER32.dll
 0002:0000020c       __imp__DestroyWindow@4     1000c20c     user32:USER32.dll
 0002:00000210       __imp__IsWindow@4          1000c210     user32:USER32.dll
 0002:00000214       __imp__EnumChildWindows@12 1000c214     user32:USER32.dll
 0002:00000218       __imp__GetDlgItem@8        1000c218     user32:USER32.dll
 0002:0000021c       __imp__SendMessageA@16     1000c21c     user32:USER32.dll
 0002:00000220       __imp__SendMessageW@16     1000c220     user32:USER32.dll
 0002:00000224       __imp__PostMessageW@16     1000c224     user32:USER32.dll
 0002:00000228       __imp__DefWindowProcW@16   1000c228     user32:USER32.dll
 0002:0000022c       __imp__CallWindowProcW@20  1000c22c     user32:USER32.dll
 0002:00000230       __imp__RegisterClassExW@4  1000c230     user32:USER32.dll
 0002:00000234       __imp__CreateWindowExW@48  1000c234     user32:USER32.dll
 0002:00000238       __imp__SetWindowTextW@8    1000c238     user32:USER32.dll
 0002:0000023c       \177USER32_NULL_THUNK_DATA 1000c23c     user32:USER32.dll
 0002:00000240       __imp__longjmp             1000c240     vcruntime:VCRUNTIME140.dll
 0002:00000244       __imp___setjmp3            1000c244     vcruntime:VCRUNTIME140.dll
 0002:00000248       __imp____std_terminate     1000c248     vcruntime:VCRUNTIME140.dll
 0002:0000024c       __imp___except_handler4_common 1000c24c     vcruntime:VCRUNTIME140.dll
 0002:00000250       __imp____std_type_info_destroy_list 1000c250     vcruntime:VCRUNTIME140.dll
 0002:00000254       __imp__memset              1000c254     vcruntime:VCRUNTIME140.dll
 0002:00000258       __imp__memmove             1000c258     vcruntime:VCRUNTIME140.dll
 0002:0000025c       __imp__wcsrchr             1000c25c     vcruntime:VCRUNTIME140.dll
 0002:00000260       __imp____std_exception_copy 1000c260     vcruntime:VCRUNTIME140.dll
 0002:00000264       __imp____std_exception_destroy 1000c264     vcruntime:VCRUNTIME140.dll
 0002:00000268       __imp___CxxThrowException@8 1000c268     vcruntime:VCRUNTIME140.dll
 0002:0000026c       __imp____CxxFrameHandler3  1000c26c     vcruntime:VCRUNTIME140.dll
 0002:00000270       __imp__memcpy              1000c270     vcruntime:VCRUNTIME140.dll
 0002:00000274       __imp__wcsstr              1000c274     vcruntime:VCRUNTIME140.dll
 0002:00000278       \177VCRUNTIME140_NULL_THUNK_DATA 1000c278     vcruntime:VCRUNTIME140.dll
 0002:0000027c       __imp___itow_s             1000c27c     ucrt:api-ms-win-crt-convert-l1-1-0.dll
 0002:00000280       \177api-ms-win-crt-convert-l1-1-0_NULL_THUNK_DATA 1000c280     ucrt:api-ms-win-crt-convert-l1-1-0.dll
 0002:00000284       __imp__malloc              1000c284     ucrt:api-ms-win-crt-heap-l1-1-0.dll
 0002:00000288       __imp__free                1000c288     ucrt:api-ms-win-crt-heap-l1-1-0.dll
 0002:0000028c       __imp___callnewh           1000c28c     ucrt:api-ms-win-crt-heap-l1-1-0.dll
 0002:00000290       \177api-ms-win-crt-heap-l1-1-0_NULL_THUNK_DATA 1000c290     ucrt:api-ms-win-crt-heap-l1-1-0.dll
 0002:00000294       __imp___initterm_e         1000c294     ucrt:api-ms-win-crt-runtime-l1-1-0.dll
 0002:00000298       __imp___initterm           1000c298     ucrt:api-ms-win-crt-runtime-l1-1-0.dll
 0002:0000029c       __imp___crt_atexit         1000c29c     ucrt:api-ms-win-crt-runtime-l1-1-0.dll
 0002:000002a0       __imp___execute_onexit_table 1000c2a0     ucrt:api-ms-win-crt-runtime-l1-1-0.dll
 0002:000002a4       __imp___register_onexit_function 1000c2a4     ucrt:api-ms-win-crt-runtime-l1-1-0.dll
 0002:000002a8       __imp___invalid_parameter_noinfo_noreturn 1000c2a8     ucrt:api-ms-win-crt-runtime-l1-1-0.dll
 0002:000002ac       __imp___initialize_onexit_table 1000c2ac     ucrt:api-ms-win-crt-runtime-l1-1-0.dll
 0002:000002b0       __imp___initialize_narrow_environment 1000c2b0     ucrt:api-ms-win-crt-runtime-l1-1-0.dll
 0002:000002b4       __imp___configure_narrow_argv 1000c2b4     ucrt:api-ms-win-crt-runtime-l1-1-0.dll
 0002:000002b8       __imp___seh_filter_dll     1000c2b8     ucrt:api-ms-win-crt-runtime-l1-1-0.dll
 0002:000002bc       __imp___cexit              1000c2bc     ucrt:api-ms-win-crt-runtime-l1-1-0.dll
 0002:000002c0       \177api-ms-win-crt-runtime-l1-1-0_NULL_THUNK_DATA 1000c2c0     ucrt:api-ms-win-crt-runtime-l1-1-0.dll
 0002:000002c4       __imp__fopen_s             1000c2c4     ucrt:api-ms-win-crt-stdio-l1-1-0.dll
 0002:000002c8       __imp____stdio_common_vsscanf 1000c2c8     ucrt:api-ms-win-crt-stdio-l1-1-0.dll
 0002:000002cc       __imp__fclose              1000c2cc     ucrt:api-ms-win-crt-stdio-l1-1-0.dll
 0002:000002d0       __imp__fflush              1000c2d0     ucrt:api-ms-win-crt-stdio-l1-1-0.dll
 0002:000002d4       __imp__fread               1000c2d4     ucrt:api-ms-win-crt-stdio-l1-1-0.dll
 0002:000002d8       __imp____stdio_common_vfwprintf 1000c2d8     ucrt:api-ms-win-crt-stdio-l1-1-0.dll
 0002:000002dc       __imp____stdio_common_vfprintf 1000c2dc     ucrt:api-ms-win-crt-stdio-l1-1-0.dll
 0002:000002e0       __imp___wfopen_s           1000c2e0     ucrt:api-ms-win-crt-stdio-l1-1-0.dll
 0002:000002e4       __imp____stdio_common_vswprintf 1000c2e4     ucrt:api-ms-win-crt-stdio-l1-1-0.dll
 0002:000002e8       \177api-ms-win-crt-stdio-l1-1-0_NULL_THUNK_DATA 1000c2e8     ucrt:api-ms-win-crt-stdio-l1-1-0.dll
 0002:000002ec       __imp__wcscat_s            1000c2ec     ucrt:api-ms-win-crt-string-l1-1-0.dll
 0002:000002f0       __imp__wcsncmp             1000c2f0     ucrt:api-ms-win-crt-string-l1-1-0.dll
 0002:000002f4       __imp__towlower            1000c2f4     ucrt:api-ms-win-crt-string-l1-1-0.dll
 0002:000002f8       \177api-ms-win-crt-string-l1-1-0_NULL_THUNK_DATA 1000c2f8     ucrt:api-ms-win-crt-string-l1-1-0.dll
 0002:000002fc       __imp___time64             1000c2fc     ucrt:api-ms-win-crt-time-l1-1-0.dll
 0002:00000300       __imp___ctime64_s          1000c300     ucrt:api-ms-win-crt-time-l1-1-0.dll
 0002:00000304       \177api-ms-win-crt-time-l1-1-0_NULL_THUNK_DATA 1000c304     ucrt:api-ms-win-crt-time-l1-1-0.dll
 0002:00000308       ___guard_check_icall_fptr  1000c308     MSVCRT:guard_support.obj
 0002:0000030c       ___castguard_check_failure_os_handled_fptr 1000c30c     MSVCRT:guard_support.obj
 0002:00000310       ___xc_a                    1000c310     MSVCRT:initializers.obj
 0002:00000328       ___xc_z                    1000c328     MSVCRT:initializers.obj
 0002:0000032c       ___xi_a                    1000c32c     MSVCRT:initializers.obj
 0002:00000330       ___xi_z                    1000c330     MSVCRT:initializers.obj
 0002:00000334       ___xp_a                    1000c334     MSVCRT:initializers.obj
 0002:00000338       ___xp_z                    1000c338     MSVCRT:initializers.obj
 0002:0000033c       ___xt_a                    1000c33c     MSVCRT:initializers.obj
 0002:00000340       ___xt_z                    1000c340     MSVCRT:initializers.obj
 0002:00000354       ??_7exception@std@@6B@     1000c354     tdshook.obj
 0002:0000035c       ??_C@_0BC@EOODALEL@Unknown?5exception@ 1000c35c     tdshook.obj
 0002:00000374       ??_7bad_alloc@std@@6B@     1000c374     tdshook.obj
 0002:00000380       ??_7bad_array_new_length@std@@6B@ 1000c380     tdshook.obj
 0002:00000388       ??_C@_0BF@KINCDENJ@bad?5array?5new?5length@ 1000c388     tdshook.obj
 0002:000003a0       ??_C@_0BA@JFNIOLAK@string?5too?5long@ 1000c3a0     tdshook.obj
 0002:000003b0       ??_C@_02DCIILGAN@SL@       1000c3b0     tdshook.obj
 0002:000003b4       ??_C@_02NBLAPNNF@TP@       1000c3b4     tdshook.obj
 0002:000003b8       ??_C@_0EC@IOBEAMGK@?$FLgapfill?$FN?5?$CFs?5?$EA?$CFp?5bytes?5KHAC?5?$CI?$CF0@ 1000c3b8     tdshook.obj
 0002:000003fc       ??_C@_0DM@GKADCDHA@?$FLgapfill?$FN?5PATCHED?5?$CFs?5clamp?5?$EA?$CFp?5@ 1000c3fc     tdshook.obj
 0002:00000438       ??_C@_0CI@KLJHFPAA@?$FLgapfill?$FN?5VirtualProtect?5FAILED@ 1000c438     tdshook.obj
 0002:00000460       ??_C@_0CC@KIJPNGOD@?$FLgapfill?$FN?5EXCEPTION?5patch?5?$CFs?5?$EA?$CF@ 1000c460     tdshook.obj
 0002:00000484       ??_C@_0DP@MLDEEKH@?$FLPRE?5gap?$FN?5rectime?$DN?$CFd?5rbid?$DN?$CF?41f?5@ 1000c484     tdshook.obj
 0002:000004c4       ??_C@_0DG@PKEJFOKJ@?$FLdone?$FN?5Xu?5ly?5tick?5XONG?5?$CIresult?$DN@ 1000c4c4     tdshook.obj
 0002:00000500       ??_C@_0EA@CLCIEOJN@?$FLPOST?5gap?$FN?5served?5time?$DN?$CFd?5bid?$DN?$CF@ 1000c500     tdshook.obj
 0002:00000540       ??_C@_0EC@LOGKADHH@?$FLspread?5?$CD?$CFlld?$FN?5t?$DN?$CFd?5bid?$DN?$CF?41f?5?9?$DO@ 1000c540     tdshook.obj
 0002:00000588       ??_C@_0ED@IIINAFLK@?$FLEXCEPTION?$FN?5code?$DN0x?$CF08lX?5tick?5t@ 1000c588     tdshook.obj
 0002:000005cc       ??_C@_1CI@KGLMPNBN@?$AA?2?$AAd?$AAa?$AAt?$AAa?$AA?2?$AAa?$AAc?$AAt?$AAi?$AAv?$AAe?$AA?4?$AAs?$AAp@ 1000c5cc     tdshook.obj
 0002:000005f4       ??_C@_01MCMALHOG@a@        1000c5f4     tdshook.obj
 0002:000005f8       ??_C@_0CI@CHGEKCAD@C?3?2Users?2Phuc?2Desktop?2tickdata?2@ 1000c5f8     tdshook.obj
 0002:00000620       ??_C@_0EG@MLIGLNKA@?$FLopen?$FN?5Spread?5file?5MAPPED?3?5magi@ 1000c620     tdshook.obj
 0002:00000668       ??_C@_0BN@PACKKAIN@?$FLopen?$FN?5MapViewOfFile?5FAILED?6@ 1000c668     tdshook.obj
 0002:00000688       ??_C@_0FA@DAAPOEOC@?$FLinstall?$FN?5base?$DN?$CFp?5target?$DN?$CFp?5byt@ 1000c688     tdshook.obj
 0002:000006d8       ??_C@_0DM@JDDAPJKG@55?58B?5EC?583?5E4?5C0?583?5EC?534?553?55@ 1000c6d8     tdshook.obj
 0002:00000718       ??_C@_1EO@BPCBCKAB@?$AA?$FL?$AAt?$AAd?$AAs?$AAh?$AAo?$AAo?$AAk?$AA?$FN?$AA?5?$AAK?$AAh?$AAo?$AAn?$AAg@ 1000c718     tdshook.obj
 0002:00000768       ??_C@_0CA@BLNBOPAC@?$FLinstall?$FN?5MH_CreateHook?5FAILED?6@ 1000c768     tdshook.obj
 0002:00000788       ??_C@_0DF@OIJFOBLK@?$FLinstall?$FN?5CreateHook?5OK?0?5g_orig@ 1000c788     tdshook.obj
 0002:000007c0       ??_C@_0CA@GFHMABPG@?$FLinstall?$FN?5MH_EnableHook?5FAILED?6@ 1000c7c0     tdshook.obj
 0002:000007e0       ??_C@_0CA@EPMGPOFG@?$FLinstall?$FN?5Hook?5?$EA?5?$CFp?5ENABLED?5OK?6@ 1000c7e0     tdshook.obj
 0002:00000800       ??_C@_17JLFEDMMI@?$AA?$DP?$AA?$DP?$AA?$DP@ 1000c800     tdshook.obj
 0002:00000808       ??_C@_0DI@BOMJKECP@?$FLCRASH?$FN?5code?$DN0x?$CF08lX?5addr?$DN?$CFp?5mo@ 1000c808     tdshook.obj
 0002:00000840       ??_C@_0EG@KGFPNOOJ@?$FLCRASH?$FN?5?5?5recurse_ret?$DN?$CFp?5rva?$DN0x@ 1000c840     tdshook.obj
 0002:00000888       ??_C@_0CJ@KCDEEBEJ@?$FLtdshook?$FN?5Slippage?5params?5loade@ 1000c888     tdshook.obj
 0002:000008b8       __real@0000000000000000    1000c8b8     tdshook.obj
 0002:000008c4       ??_C@_1BM@IDNAOJPK@?$AAu?$AAs?$AAe?$AA?5?$AAm?$AAy?$AA?5?$AAs?$AAp?$AAr?$AAe?$AAa?$AAd@ 1000c8c4     gui_inject.obj
 0002:000008e0       ??_C@_1M@IOJLKPKK@?$AAS?$AAt?$AAa?$AAr?$AAt@ 1000c8e0     gui_inject.obj
 0002:000008ec       ??_C@_17FFIAADHC@?$AAM?$AAN?$AA1@ 1000c8ec     gui_inject.obj
 0002:000008f4       ??_C@_15IGDAGIOA@?$AAM?$AAN@ 1000c8f4     gui_inject.obj
 0002:000008fc       ??_C@_15BHCBPJNH@?$AAW?$AA1@ 1000c8fc     gui_inject.obj
 0002:00000904       ??_C@_15JCGDIJOC@?$AAD?$AA1@ 1000c904     gui_inject.obj
 0002:0000090c       ??_C@_15NCHPLJKL@?$AAH?$AA4@ 1000c90c     gui_inject.obj
 0002:00000914       ??_C@_15OFKBEJJJ@?$AAH?$AA1@ 1000c914     gui_inject.obj
 0002:0000091c       ??_C@_17FKIAHKAI@?$AAM?$AA3?$AA0@ 1000c91c     gui_inject.obj
 0002:00000924       ??_C@_17CAJGCLDB@?$AAM?$AA1?$AA5@ 1000c924     gui_inject.obj
 0002:0000092c       ??_C@_15DKAOEPHN@?$AAM?$AA5@ 1000c92c     gui_inject.obj
 0002:00000934       ??_C@_15LFGMNICK@?$AAM?$AA1@ 1000c934     gui_inject.obj
 0002:0000093c       ??_C@_1CE@JBBPKOBF@?$AAS?$AAy?$AAs?$AAD?$AAa?$AAt?$AAe?$AAT?$AAi?$AAm?$AAe?$AAP?$AAi?$AAc?$AAk@ 1000c93c     gui_inject.obj
 0002:00000960       ??_C@_1BO@MMOBIDBB@?$AA?$CF?$AA0?$AA4?$AAd?$AA?9?$AA?$CF?$AA0?$AA2?$AAd?$AA?9?$AA?$CF?$AA0?$AA2?$AAd@ 1000c960     gui_inject.obj
 0002:00000980       ??_C@_15FEOAJJLN@?$AA?1?$AAk@ 1000c980     gui_inject.obj
 0002:00000988       ??_C@_15JBFELBFC@?$AA?1?$AAc@ 1000c988     gui_inject.obj
 0002:00000990       ??_C@_1FA@LKMCAJKO@?$AA?$CF?$AAs?$AA?5?$AAc?$AAd?$AA?5?$AA?1?$AAd?$AA?5?$AA?$CC?$AA?$CF?$AAs?$AA?$CC?$AA?5?$AA?$CG@ 1000c990     gui_inject.obj
 0002:000009e0       ??_C@_19BDAJEHDN@?$AAo?$AAp?$AAe?$AAn@ 1000c9e0     gui_inject.obj
 0002:000009ec       ??_C@_1BA@DBKIDAPL@?$AAc?$AAm?$AAd?$AA?4?$AAe?$AAx?$AAe@ 1000c9ec     gui_inject.obj
 0002:000009fc       ??_C@_1CG@KPJMBIBJ@?$AAT?$AAh?$AAi?$AAe?$AAu?$AA?5?$AAs?$AAy?$AAm?$AAb?$AAo?$AAl?$AA?1?$AAn?$AAg@ 1000c9fc     gui_inject.obj
 0002:00000a28       ??_C@_1NG@OOLGIFEF@?$AAr?$AAu?$AAn?$AA?5?$AA?9?$AA?9?$AAs?$AAy?$AAm?$AAb?$AAo?$AAl?$AA?5?$AA?$CF?$AAs@ 1000ca28     gui_inject.obj
 0002:00000b00       ??_C@_1DI@GCPNBDPG@?$AAD?$AAa?$AAn?$AAg?$AA?5?$AAt?$AAa?$AAi?$AA?4?$AA?4?$AA?4?$AA?5?$AAx?$AAe?$AAm@ 1000cb00     gui_inject.obj
 0002:00000b38       ??_C@_1DK@NOFMHGPG@?$AAL?$AAo?$AAi?$AA?3?$AA?5?$AAk?$AAh?$AAo?$AAn?$AAg?$AA?5?$AAc?$AAh?$AAa?$AAy@ 1000cb38     gui_inject.obj
 0002:00000b78       ??_C@_1PI@GOBDJPEA@?$AAX?$AAO?$AAA?$AA?5?$AAt?$AAo?$AAa?$AAn?$AA?5?$AAb?$AAo?$AA?5?$AAd?$AAa?$AAt@ 1000cb78     gui_inject.obj
 0002:00000c70       ??_C@_1CI@IOLEFMCF@?$AAX?$AAo?$AAa?$AA?5?$AA?$CL?$AA?5?$AAT?$AAa?$AAi?$AA?5?$AAl?$AAa?$AAi?$AA?5?$AAf@ 1000cc70     gui_inject.obj
 0002:00000c98       ??_C@_1BCK@KEBHFED@?$AAd?$AAe?$AAl?$AAe?$AAt?$AAe?$AA?5?$AA?9?$AA?9?$AAs?$AAy?$AAm?$AAb?$AAo?$AAl@ 1000cc98     gui_inject.obj
 0002:00000dc8       ??_C@_1FI@MPCNCOFF@?$AAD?$AAa?$AAn?$AAg?$AA?5?$AAx?$AAo?$AAa?$AA?5?$AA?$CL?$AA?5?$AAt?$AAa?$AAi?$AA?5@ 1000cdc8     gui_inject.obj
 0002:00000e20       ??_C@_1BE@ENMCHNMC@?$AAT?$AAD?$AAS?$AA?5?$AAC?$AAl?$AAo?$AAn?$AAe@ 1000ce20     gui_inject.obj
 0002:00000e38       ??_C@_1JM@GKKHKOMG@?$AAK?$AAh?$AAo?$AAn?$AAg?$AA?5?$AAd?$AAo?$AAc?$AA?5?$AAd?$AAu?$AAo?$AAc?$AA?5@ 1000ce38     gui_inject.obj
 0002:00000ed4       ??_C@_1CK@GCJJPKKE@?$AA?$CF?$AAs?$AA?2?$AAd?$AAa?$AAt?$AAa?$AA?2?$AAp?$AAe?$AAn?$AAd?$AAi?$AAn?$AAg@ 1000ced4     gui_inject.obj
 0002:00000f00       ??_C@_15MJDFFMKN@?$AAw?$AAb@ 1000cf00     gui_inject.obj
 0002:00000f08       ??_C@_0N@OBJBFKLA@?$CFs?5?$CFs?5?$CFs?5?$CFd?6@ 1000cf08     gui_inject.obj
 0002:00000f18       ??_C@_1GG@CLILNIOH@?$AAS?$AAa?$AAn?$AA?5?$AAs?$AAa?$AAn?$AAg?$AA?4?$AA?5?$AAN?$AAh?$AAa?$AAn?$AA?5@ 1000cf18     gui_inject.obj
 0002:00000f80       ??_C@_1EA@OHDFFJIG@?$AAr?$AAe?$AAs?$AAt?$AAo?$AAr?$AAe?$AA?5?$AA?9?$AA?9?$AAs?$AAy?$AAm?$AAb?$AAo@ 1000cf80     gui_inject.obj
 0002:00000fc0       ??_C@_1CK@BDMIDCIB@?$AAl?$AAi?$AAs?$AAt?$AA?5?$AA?$CG?$AA?5?$AAe?$AAc?$AAh?$AAo?$AA?4?$AA?5?$AA?$CG?$AA?5@ 1000cfc0     gui_inject.obj
 0002:00000fec       ??_C@_1BM@JFCBHPHB@?$AAT?$AAh?$AAi?$AAe?$AAu?$AA?5?$AAs?$AAy?$AAm?$AAb?$AAo?$AAl?$AA?$CB@ 1000cfec     gui_inject.obj
 0002:00001008       ??_C@_1GK@GHKPKIKC@?$AAv?$AAe?$AAr?$AAi?$AAf?$AAy?$AA?5?$AA?9?$AA?9?$AAs?$AAy?$AAm?$AAb?$AAo?$AAl@ 1000d008     gui_inject.obj
 0002:00001078       ??_C@_1EA@FAIBHHDE@?$AAX?$AAo?$AAa?$AA?5?$AAt?$AAo?$AAa?$AAn?$AA?5?$AAb?$AAo?$AA?5?$AAd?$AAa?$AAt@ 1000d078     gui_inject.obj
 0002:000010b8       ??_C@_1BK@HNBNMAMJ@?$AAX?$AAa?$AAc?$AA?5?$AAn?$AAh?$AAa?$AAn?$AA?5?$AAx?$AAo?$AAa@ 1000d0b8     gui_inject.obj
 0002:000010d8       ??_C@_1EG@PLHBKNJO@?$AAd?$AAe?$AAl?$AAe?$AAt?$AAe?$AA?5?$AA?9?$AA?9?$AAs?$AAy?$AAm?$AAb?$AAo?$AAl@ 1000d0d8     gui_inject.obj
 0002:00001120       ??_C@_1CC@LLEPOINP@?$AAD?$AAa?$AA?5?$AAg?$AAu?$AAi?$AA?5?$AAl?$AAe?$AAn?$AAh?$AA?5?$AAx?$AAo?$AAa@ 1000d120     gui_inject.obj
 0002:00001144       ??_C@_1O@ELLBDENI@?$AAS?$AAT?$AAA?$AAT?$AAI?$AAC@ 1000d144     gui_inject.obj
 0002:00001154       ??_C@_19KFAJFECL@?$AAE?$AAD?$AAI?$AAT@ 1000d154     gui_inject.obj
 0002:00001160       ??_C@_1O@MOBNNEMB@?$AAB?$AAU?$AAT?$AAT?$AAO?$AAN@ 1000d160     gui_inject.obj
 0002:00001170       ??_C@_1CI@FLGMJBGF@?$AAT?$AAD?$AAS?$AAC?$AAl?$AAo?$AAn?$AAe?$AAS?$AAe?$AAt?$AAt?$AAi?$AAn?$AAg@ 1000d170     gui_inject.obj
 0002:00001198       ??_C@_1BC@GCGFGEDI@?$AAS?$AAe?$AAg?$AAo?$AAe?$AA?5?$AAU?$AAI@ 1000d198     gui_inject.obj
 0002:000011ac       ??_C@_1DO@HEJMAKL@?$AAT?$AAD?$AAS?$AA?5?$AAC?$AAl?$AAo?$AAn?$AAe?$AA?5?$AA?9?$AA?5?$AAT?$AAi?$AAc@ 1000d1ac     gui_inject.obj
 0002:000011ec       ??_C@_1O@HBMNCMFM@?$AAE?$AAU?$AAR?$AAU?$AAS?$AAD@ 1000d1ec     gui_inject.obj
 0002:000011fc       ??_C@_1BG@DGNEBKJD@?$AA2?$AA0?$AA2?$AA4?$AA?9?$AA0?$AA1?$AA?9?$AA0?$AA1@ 1000d1fc     gui_inject.obj
 0002:00001214       ??_C@_1BG@LAEAGIDN@?$AA2?$AA0?$AA2?$AA4?$AA?9?$AA0?$AA1?$AA?9?$AA3?$AA1@ 1000d214     gui_inject.obj
 0002:00001230       ??_C@_1FG@BGKJLFIF@?$AAD?$AAu?$AA?5?$AAl?$AAi?$AAe?$AAu?$AA?5?$AAt?$AAi?$AAc?$AAk?$AA?5?$AAt?$AAh@ 1000d230     gui_inject.obj
 0002:00001288       ??_C@_1BA@DMGIFIGB@?$AAS?$AAy?$AAm?$AAb?$AAo?$AAl?$AA?3@ 1000d288     gui_inject.obj
 0002:00001298       ??_C@_1BC@DCJLJJON@?$AAT?$AAu?$AA?5?$AAn?$AAg?$AAa?$AAy?$AA?3@ 1000d298     gui_inject.obj
 0002:000012ac       ??_C@_1BE@BALMBII@?$AAD?$AAe?$AAn?$AA?5?$AAn?$AAg?$AAa?$AAy?$AA?3@ 1000d2ac     gui_inject.obj
 0002:000012c0       ??_C@_1IE@CMNNDPH@?$AA?$CI?$AAY?$AAY?$AAY?$AAY?$AA?9?$AAM?$AAM?$AA?9?$AAD?$AAD?$AA?4?$AA?5?$AAH?$AAo@ 1000d2c0     gui_inject.obj
 0002:00001348       ??_C@_1FM@LCLDFLLH@?$AAT?$AAi?$AAm?$AAe?$AAz?$AAo?$AAn?$AAe?$AA?3?$AA?5?$AAG?$AAM?$AAT?$AA?$CL?$AA2@ 1000d348     gui_inject.obj
 0002:000013a8       ??_C@_1EI@JKNLGLEF@?$AAX?$AAO?$AAA?$AA?5?$AA?$CL?$AA?5?$AAT?$AAA?$AAI?$AA?5?$AAL?$AAA?$AAI?$AA?5?$AAF@ 1000d3a8     gui_inject.obj
 0002:000013f0       ??_C@_1CE@HPMJBAHM@?$AAT?$AAa?$AAi?$AA?5?$AAt?$AAh?$AAe?$AAm?$AA?5?$AA?$CI?$AAg?$AAi?$AAu?$AA?5?$AAc@ 1000d3f0     gui_inject.obj
 0002:00001414       ??_C@_1CC@DPHCAOKE@?$AAK?$AAi?$AAe?$AAm?$AA?5?$AAt?$AAr?$AAa?$AA?5?$AAq?$AAu?$AAa?$AAl?$AAi?$AAt@ 1000d414     gui_inject.obj
 0002:00001438       ??_C@_1CA@DJMEDNJO@?$AAX?$AAe?$AAm?$AA?5?$AAd?$AAa?$AAt?$AAa?$AA?5?$AAd?$AAa?$AA?5?$AAt?$AAa?$AAi@ 1000d438     gui_inject.obj
 0002:00001458       ??_C@_1CI@KLDPELOJ@?$AAX?$AAo?$AAa?$AA?5?$AAd?$AAa?$AAt?$AAa?$AA?5?$AAs?$AAy?$AAm?$AAb?$AAo?$AAl@ 1000d458     gui_inject.obj
 0002:00001480       ??_C@_19BGOACDNE@?$AAD?$AAo?$AAn?$AAg@ 1000d480     gui_inject.obj
 0002:00001490       ??_C@_1HA@KFGHJPJ@?$AAX?$AAo?$AAa?$AA?5?$AA?$CL?$AA?5?$AAT?$AAa?$AAi?$AA?5?$AAl?$AAa?$AAi?$AA?5?$AAf@ 1000d490     gui_inject.obj
 0002:00001500       ??_C@_1M@IOKMPPAD@?$AAC?$AAo?$AAm?$AAb?$AAo@ 1000d500     gui_inject.obj
 0002:0000150c       ??_C@_1M@JPBJDEIN@?$AAC?$AAO?$AAM?$AAB?$AAO@ 1000d50c     gui_inject.obj
 0002:00001518       ??_C@_1BA@OFLJGHK@?$AAC?$AAu?$AAr?$AAr?$AAe?$AAn?$AAt@ 1000d518     gui_inject.obj
 0002:00001528       ??_C@_0DK@CEOGOJC@?$FLcombo?$FN?5Spread?5combobox?5hwnd?$DN?$CFp@ 1000d528     gui_inject.obj
 0002:00001564       ??_C@_0P@JJIPJGAF@?5?5?$DM?$DN?$DN?5SELECTED@ 1000d564     gui_inject.obj
 0002:00001573       ??_C@_00CNPNBAHC@@         1000d573     gui_inject.obj
 0002:00001574       ??_C@_0BK@MECLHOMA@?$FLcombo?$FN?5?5?5item?$FL?$CFd?$FN?$DN?$CFls?$CFs?6@ 1000d574     gui_inject.obj
 0002:00001590       ??_C@_1CC@PBICMDF@?$AAU?$AAs?$AAe?$AA?5?$AAm?$AAy?$AA?5?$AAt?$AAi?$AAc?$AAk?$AA?5?$AAd?$AAa?$AAt@ 1000d590     gui_inject.obj
 0002:000015b4       ??_C@_1CG@IJFIDIJK@?$AAT?$AAi?$AAc?$AAk?$AA?5?$AAd?$AAa?$AAt?$AAa?$AA?5?$AAs?$AAe?$AAt?$AAt?$AAi@ 1000d5b4     gui_inject.obj
 0002:000015dc       ??_C@_0BI@MBHDLKKC@?$FLtdshook?$FN?5GUI?5injected?6@ 1000d5dc     gui_inject.obj
 0002:00001600       __xmm@0001869f0001869f0000000000000000 1000d600     gui_inject.obj
 0002:00001610       ??_C@_1DG@CHEJHIKN@?$AAL?$AAo?$AAc?$AAa?$AAl?$AA?2?$AAT?$AAD?$AAS?$AAC?$AAl?$AAo?$AAn?$AAe?$AA_@ 1000d610     slippage.obj
 0002:00001648       __real@bff0000000000000    1000d648     slippage.obj
 0002:00001650       ??_C@_0CJ@MONEMEA@C?3?2Users?2Phuc?2Desktop?2tickdata?2@ 1000d650     fxt_patch.obj
 0002:0000167c       ??_C@_1CC@EGMEPJML@?$AA?$FL?$AA?$CF?$AAh?$AAs?$AA?$FN?$AA?5?$AA?$CF?$AAh?$AAs?$AA?5?$AA?3?$AA?5?$AA?$CF?$AAl?$AAs@ 1000d67c     fxt_patch.obj
 0002:000016a0       ??_C@_08MPICMHNM@?$FL?$CFs?$FN?5?$CFs?6@ 1000d6a0     fxt_patch.obj
 0002:000016ac       ??_C@_19FIEJLFLB@?$AA?4?$AAf?$AAx?$AAt@ 1000d6ac     fxt_patch.obj
 0002:000016b8       ??_C@_1CC@MLCGOLJJ@?$AA?2?$AAt?$AAe?$AAs?$AAt?$AAe?$AAr?$AA?2?$AAh?$AAi?$AAs?$AAt?$AAo?$AAr?$AAy@ 1000d6b8     fxt_patch.obj
 0002:000016dc       ??_C@_15JJPIMNBO@?$AAr?$AAb@ 1000d6dc     fxt_patch.obj
 0002:000016e4       ??_C@_0BC@MAOKOAHM@?$CF63s?5?$CF31s?5?$CF31s?5?$CFd@ 1000d6e4     fxt_patch.obj
 0002:000016f8       ??_C@_0DE@GCEMPDAM@VIRTUAL?5FXT?3?5BUILD?5tai?5Start?5?$CIp@ 1000d6f8     fxt_patch.obj
 0002:0000172c       ??_C@_1CG@PLLPAKBD@?$AAc?$AAm?$AAd?$AA?4?$AAe?$AAx?$AAe?$AA?5?$AA?1?$AAc?$AA?5?$AAc?$AAd?$AA?5?$AA?1@ 1000d72c     fxt_patch.obj
 0002:00001758       ??_C@_1GK@EJEDAOOI@?$AA?$CC?$AA?5?$AA?$CG?$AA?$CG?$AA?5?$AAp?$AAy?$AAt?$AAh?$AAo?$AAn?$AA?5?$AAt?$AAd?$AAs@ 1000d758     fxt_patch.obj
 0002:000017c4       ??_C@_1BC@IJAJCEMF@?$AA?5?$AA?9?$AA?9?$AAf?$AAr?$AAo?$AAm?$AA?5@ 1000d7c4     fxt_patch.obj
 0002:000017d8       ??_C@_1O@KOJHCBEN@?$AA?5?$AA?9?$AA?9?$AAt?$AAo?$AA?5@ 1000d7d8     fxt_patch.obj
 0002:000017e8       ??_C@_1BG@NFAOMPEI@?$AA?5?$AA?9?$AA?9?$AAp?$AAe?$AAr?$AAi?$AAo?$AAd?$AA?5@ 1000d7e8     fxt_patch.obj
 0002:00001800       ??_C@_0BJ@KMMIKIEH@VIRTUAL?5FXT?3?5BUILD?5xong?4@ 1000d800     fxt_patch.obj
 0002:0000181c       ??_C@_0CG@ICCPBDMD@VIRTUAL?5FXT?3?5LOI?5spawn?5python?5p@ 1000d81c     fxt_patch.obj
 0002:00001844       ??_C@_1O@IOOKMMEE@?$AA?4?$AAr?$AAe?$AAg?$AAe?$AAn@ 1000d844     fxt_patch.obj
 0002:00001854       ??_C@_0BP@GLJPPGMD@REDIRECT?5WRITE?5?$CIchan?5sinh?5lai?$CJ@ 1000d854     fxt_patch.obj
 0002:00001874       ??_C@_0BF@CCIKKGLN@READ?5FXT?5that?5cua?5ta@ 1000d874     fxt_patch.obj
 0002:0000188c       ??_C@_0DJ@BALAEC@VIRTUAL?5FXT?3?5track?5handle?5?9?$DO?5se@ 1000d88c     fxt_patch.obj
 0002:000018c8       ??_C@_1BO@MFOKJHPK@?$AAk?$AAe?$AAr?$AAn?$AAe?$AAl?$AAb?$AAa?$AAs?$AAe?$AA?4?$AAd?$AAl?$AAl@ 1000d8c8     fxt_patch.obj
 0002:000018e8       ??_C@_1BK@MGMFAEKH@?$AAk?$AAe?$AAr?$AAn?$AAe?$AAl?$AA3?$AA2?$AA?4?$AAd?$AAl?$AAl@ 1000d8e8     fxt_patch.obj
 0002:00001904       ??_C@_0CK@EINPOFFA@?$DN?$DN?$DN?5GUARD?5FAIL?3?5khong?5tim?5thay?5@ 1000d904     fxt_patch.obj
 0002:00001930       ??_C@_0M@GPOOGHPH@CreateFileW@ 1000d930     fxt_patch.obj
 0002:0000193c       ??_C@_0CK@OIJMMGDN@?$DN?$DN?$DN?5GUARD?5FAIL?3?5khong?5tim?5Creat@ 1000d93c     fxt_patch.obj
 0002:00001968       ??_C@_0CO@HFCPPKIM@?$DN?$DN?$DN?5GUARD?5FAIL?3?5MH_CreateHook?5C@ 1000d968     fxt_patch.obj
 0002:00001998       ??_C@_0CA@JLEPAOPO@?$DN?$DN?$DN?5GUARD?5FAIL?3?5g_orig?5null?5?$DN?$DN?$DN@ 1000d998     fxt_patch.obj
 0002:000019b8       ??_C@_0CO@LOPBGBOI@?$DN?$DN?$DN?5GUARD?5FAIL?3?5MH_EnableHook?5C@ 1000d9b8     fxt_patch.obj
 0002:000019e8       ??_C@_08KLCHJOKF@ReadFile@ 1000d9e8     fxt_patch.obj
 0002:000019f4       ??_C@_0CC@BBOJHCLK@?$DN?$DN?$DN?5HOOK?5ReadFile?5OK?5?$CIFXT?5ao?$CJ?5?$DN@ 1000d9f4     fxt_patch.obj
 0002:00001a18       ??_C@_0EB@FKLEOLHB@?$DN?$DN?$DN?5WARN?3?5hook?5ReadFile?5that?5ba@ 1000da18     fxt_patch.obj
 0002:00001a5c       ??_C@_0M@JHJNLFGC@CloseHandle@ 1000da5c     fxt_patch.obj
 0002:00001a68       ??_C@_0BM@IKOOCOGH@?$DN?$DN?$DN?5HOOK?5CloseHandle?5OK?5?$DN?$DN?$DN@ 1000da68     fxt_patch.obj
 0002:00001a84       ??_C@_0DP@CDDJLOGP@?$DN?$DN?$DN?5GUARD?5LOADED?5OK?5?$CICreateFile@ 1000da84     fxt_patch.obj
 0002:00001ac4       ??_C@_0BI@CFPLBAOH@invalid?5string?5position@ 1000dac4     fxt_patch.obj
 0002:00001adc       ??_C@_1CE@HJNKPBPC@?$AA?2?$AAd?$AAa?$AAt?$AAa?$AA?2?$AAa?$AAc?$AAt?$AAi?$AAv?$AAe?$AA?4?$AAf?$AAx@ 1000dadc     fxt_virtual.obj
 0002:00001b00       ??_C@_0FO@ONOHAENM@?$FLvfxt?$FN?5Load?3?5active?$DN?$CFd?5bars_hdr@ 1000db00     fxt_virtual.obj
 0002:00001b60       ??_C@_0BA@FOIKENOD@vector?5too?5long@ 1000db60     fxt_virtual.obj
 0002:00001b70       __real@3eb0c6f7a0b5ed8d    1000db70     fxt_virtual.obj
 0002:00001b78       __real@7e37e43c8800759c    1000db78     fxt_virtual.obj
 0002:00001b80       __xmm@80000000000000008000000000000000 1000db80     fxt_virtual.obj
 0002:00001cb0       __xmm@00050005000500050005000500050005 1000dcb0     puff.obj
 0002:00001cc0       __xmm@00070007000700070007000700070007 1000dcc0     puff.obj
 0002:00001cd0       __xmm@00080008000800080008000800080008 1000dcd0     puff.obj
 0002:00001ce4       ??_7bad_cast@std@@6B@      1000dce4     sigscan_lib:sigscan.obj
 0002:00001cec       ??_C@_08EPJLHIJG@bad?5cast@ 1000dcec     sigscan_lib:sigscan.obj
 0002:00001cfc       ??_7?$basic_stringbuf@DU?$char_traits@D@std@@V?$allocator@D@2@@std@@6B@ 1000dcfc     sigscan_lib:sigscan.obj
 0002:00001d3c       ??_7?$basic_istringstream@DU?$char_traits@D@std@@V?$allocator@D@2@@std@@6B@ 1000dd3c     sigscan_lib:sigscan.obj
 0002:00001d40       ??_8?$basic_istringstream@DU?$char_traits@D@std@@V?$allocator@D@2@@std@@7B@ 1000dd40     sigscan_lib:sigscan.obj
 0002:00001d4c       ??_7type_info@@6B@         1000dd4c     MSVCRT:std_type_info_static.obj
 0002:00001d88       __pDefaultRawDllMain       1000dd88     MSVCRT:dll_dllmain.obj
 0002:00001d88       __pRawDllMain              1000dd88     MSVCRT:dll_dllmain.obj
 0002:00001d8c       ??_C@_0P@GHFPNOJB@bad?5allocation@ 1000dd8c     MSVCRT:throw_bad_alloc.obj
 0002:00001da0       __load_config_used         1000dda0     MSVCRT:loadcfg.obj
 0002:00001e80       ??_R4exception@std@@6B@    1000de80     tdshook.obj
 0002:00001e94       ??_R3exception@std@@8      1000de94     tdshook.obj
 0002:00001ea4       ??_R2exception@std@@8      1000dea4     tdshook.obj
 0002:00001eac       ??_R1A@?0A@EA@exception@std@@8 1000deac     tdshook.obj
 0002:00001ec8       ??_R4bad_array_new_length@std@@6B@ 1000dec8     tdshook.obj
 0002:00001edc       ??_R3bad_array_new_length@std@@8 1000dedc     tdshook.obj
 0002:00001eec       ??_R2bad_array_new_length@std@@8 1000deec     tdshook.obj
 0002:00001efc       ??_R1A@?0A@EA@bad_array_new_length@std@@8 1000defc     tdshook.obj
 0002:00001f18       ??_R1A@?0A@EA@bad_alloc@std@@8 1000df18     tdshook.obj
 0002:00001f34       ??_R3bad_alloc@std@@8      1000df34     tdshook.obj
 0002:00001f44       ??_R2bad_alloc@std@@8      1000df44     tdshook.obj
 0002:00001f50       ??_R4bad_alloc@std@@6B@    1000df50     tdshook.obj
 0002:00001f64       ??_R4?$basic_stringbuf@DU?$char_traits@D@std@@V?$allocator@D@2@@std@@6B@ 1000df64     sigscan_lib:sigscan.obj
 0002:00001f78       ??_R3?$basic_stringbuf@DU?$char_traits@D@std@@V?$allocator@D@2@@std@@8 1000df78     sigscan_lib:sigscan.obj
 0002:00001f88       ??_R2?$basic_stringbuf@DU?$char_traits@D@std@@V?$allocator@D@2@@std@@8 1000df88     sigscan_lib:sigscan.obj
 0002:00001f94       ??_R1A@?0A@EA@?$basic_stringbuf@DU?$char_traits@D@std@@V?$allocator@D@2@@std@@8 1000df94     sigscan_lib:sigscan.obj
 0002:00001fb0       ??_R1A@?0A@EA@?$basic_streambuf@DU?$char_traits@D@std@@@std@@8 1000dfb0     sigscan_lib:sigscan.obj
 0002:00001fcc       ??_R3?$basic_streambuf@DU?$char_traits@D@std@@@std@@8 1000dfcc     sigscan_lib:sigscan.obj
 0002:00001fdc       ??_R2?$basic_streambuf@DU?$char_traits@D@std@@@std@@8 1000dfdc     sigscan_lib:sigscan.obj
 0002:00001fe4       ??_R4?$basic_istringstream@DU?$char_traits@D@std@@V?$allocator@D@2@@std@@6B@ 1000dfe4     sigscan_lib:sigscan.obj
 0002:00001ff8       ??_R3?$basic_istringstream@DU?$char_traits@D@std@@V?$allocator@D@2@@std@@8 1000dff8     sigscan_lib:sigscan.obj
 0002:00002008       ??_R2?$basic_istringstream@DU?$char_traits@D@std@@V?$allocator@D@2@@std@@8 1000e008     sigscan_lib:sigscan.obj
 0002:00002020       ??_R1A@?0A@EA@?$basic_istringstream@DU?$char_traits@D@std@@V?$allocator@D@2@@std@@8 1000e020     sigscan_lib:sigscan.obj
 0002:0000203c       ??_R1A@?0A@EA@?$basic_istream@DU?$char_traits@D@std@@@std@@8 1000e03c     sigscan_lib:sigscan.obj
 0002:00002058       ??_R3?$basic_istream@DU?$char_traits@D@std@@@std@@8 1000e058     sigscan_lib:sigscan.obj
 0002:00002068       ??_R2?$basic_istream@DU?$char_traits@D@std@@@std@@8 1000e068     sigscan_lib:sigscan.obj
 0002:0000207c       ??_R1A@A@3FA@?$basic_ios@DU?$char_traits@D@std@@@std@@8 1000e07c     sigscan_lib:sigscan.obj
 0002:00002098       ??_R3?$basic_ios@DU?$char_traits@D@std@@@std@@8 1000e098     sigscan_lib:sigscan.obj
 0002:000020a8       ??_R2?$basic_ios@DU?$char_traits@D@std@@@std@@8 1000e0a8     sigscan_lib:sigscan.obj
 0002:000020b8       ??_R1A@?0A@EA@?$basic_ios@DU?$char_traits@D@std@@@std@@8 1000e0b8     sigscan_lib:sigscan.obj
 0002:000020d4       ??_R1A@?0A@EA@ios_base@std@@8 1000e0d4     sigscan_lib:sigscan.obj
 0002:000020f0       ??_R3ios_base@std@@8       1000e0f0     sigscan_lib:sigscan.obj
 0002:00002100       ??_R2ios_base@std@@8       1000e100     sigscan_lib:sigscan.obj
 0002:0000210c       ??_R17?0A@EA@?$_Iosb@H@std@@8 1000e10c     sigscan_lib:sigscan.obj
 0002:00002128       ??_R3?$_Iosb@H@std@@8      1000e128     sigscan_lib:sigscan.obj
 0002:00002138       ??_R2?$_Iosb@H@std@@8      1000e138     sigscan_lib:sigscan.obj
 0002:00002140       ??_R1A@?0A@EA@?$_Iosb@H@std@@8 1000e140     sigscan_lib:sigscan.obj
 0002:0000215c       ??_R1A@A@3EA@ios_base@std@@8 1000e15c     sigscan_lib:sigscan.obj
 0002:00002178       ??_R17A@3EA@?$_Iosb@H@std@@8 1000e178     sigscan_lib:sigscan.obj
 0002:00002194       ??_R4bad_cast@std@@6B@     1000e194     sigscan_lib:sigscan.obj
 0002:000021a8       ??_R3bad_cast@std@@8       1000e1a8     sigscan_lib:sigscan.obj
 0002:000021b8       ??_R2bad_cast@std@@8       1000e1b8     sigscan_lib:sigscan.obj
 0002:000021c4       ??_R1A@?0A@EA@bad_cast@std@@8 1000e1c4     sigscan_lib:sigscan.obj
 0002:000021e0       ??_R4type_info@@6B@        1000e1e0     MSVCRT:std_type_info_static.obj
 0002:000021f4       ??_R3type_info@@8          1000e1f4     MSVCRT:std_type_info_static.obj
 0002:00002204       ??_R2type_info@@8          1000e204     MSVCRT:std_type_info_static.obj
 0002:0000220c       ??_R1A@?0A@EA@type_info@@8 1000e20c     MSVCRT:std_type_info_static.obj
 0002:00002228       ___safe_se_handler_table   1000e228     <linker-defined>
 0002:00002260       ___volatile_metadata       1000e260     <linker-defined>
 0002:00002614       ___rtc_iaa                 1000e614     MSVCRT:initsect.obj
 0002:00002618       ___rtc_izz                 1000e618     MSVCRT:initsect.obj
 0002:0000261c       ___rtc_taa                 1000e61c     MSVCRT:initsect.obj
 0002:00002620       ___rtc_tzz                 1000e620     MSVCRT:initsect.obj
 0002:000026ac       __CT??_R0?AVexception@std@@@8??0exception@std@@QAE@ABV01@@Z12 1000e6ac     tdshook.obj
 0002:000026c8       __TI3?AVbad_array_new_length@std@@ 1000e6c8     tdshook.obj
 0002:000026d8       __CTA3?AVbad_array_new_length@std@@ 1000e6d8     tdshook.obj
 0002:000026e8       __CT??_R0?AVbad_array_new_length@std@@@8??0bad_array_new_length@std@@QAE@ABV01@@Z12 1000e6e8     tdshook.obj
 0002:00002704       __CT??_R0?AVbad_alloc@std@@@8??0bad_alloc@std@@QAE@ABV01@@Z12 1000e704     tdshook.obj
 0002:00002a00       __TI2?AVbad_cast@std@@     1000ea00     sigscan_lib:sigscan.obj
 0002:00002a10       __CTA2?AVbad_cast@std@@    1000ea10     sigscan_lib:sigscan.obj
 0002:00002a1c       __CT??_R0?AVbad_cast@std@@@8??0bad_cast@std@@QAE@ABV01@@Z12 1000ea1c     sigscan_lib:sigscan.obj
 0002:00002abc       __TI2?AVbad_alloc@std@@    1000eabc     MSVCRT:throw_bad_alloc.obj
 0002:00002acc       __CTA2?AVbad_alloc@std@@   1000eacc     MSVCRT:throw_bad_alloc.obj
 0002:00002ad8       __IMPORT_DESCRIPTOR_KERNEL32 1000ead8     kernel32:KERNEL32.dll
 0002:00002aec       __IMPORT_DESCRIPTOR_USER32 1000eaec     user32:USER32.dll
 0002:00002b00       __IMPORT_DESCRIPTOR_GDI32  1000eb00     gdi32:GDI32.dll
 0002:00002b14       __IMPORT_DESCRIPTOR_SHELL32 1000eb14     shell32:SHELL32.dll
 0002:00002b28       __IMPORT_DESCRIPTOR_MSVCP140 1000eb28     msvcprt:MSVCP140.dll
 0002:00002b3c       __IMPORT_DESCRIPTOR_COMCTL32 1000eb3c     comctl32:COMCTL32.dll
 0002:00002b50       __IMPORT_DESCRIPTOR_SHLWAPI 1000eb50     shlwapi:SHLWAPI.dll
 0002:00002b64       __IMPORT_DESCRIPTOR_VCRUNTIME140 1000eb64     vcruntime:VCRUNTIME140.dll
 0002:00002b78       __IMPORT_DESCRIPTOR_api-ms-win-crt-runtime-l1-1-0 1000eb78     ucrt:api-ms-win-crt-runtime-l1-1-0.dll
 0002:00002b8c       __IMPORT_DESCRIPTOR_api-ms-win-crt-string-l1-1-0 1000eb8c     ucrt:api-ms-win-crt-string-l1-1-0.dll
 0002:00002ba0       __IMPORT_DESCRIPTOR_api-ms-win-crt-stdio-l1-1-0 1000eba0     ucrt:api-ms-win-crt-stdio-l1-1-0.dll
 0002:00002bb4       __IMPORT_DESCRIPTOR_api-ms-win-crt-convert-l1-1-0 1000ebb4     ucrt:api-ms-win-crt-convert-l1-1-0.dll
 0002:00002bc8       __IMPORT_DESCRIPTOR_api-ms-win-crt-time-l1-1-0 1000ebc8     ucrt:api-ms-win-crt-time-l1-1-0.dll
 0002:00002bdc       __IMPORT_DESCRIPTOR_api-ms-win-crt-heap-l1-1-0 1000ebdc     ucrt:api-ms-win-crt-heap-l1-1-0.dll
 0002:00002bf0       __NULL_IMPORT_DESCRIPTOR   1000ebf0     kernel32:KERNEL32.dll
 0003:000013b8       _hde32_table               100123b8     minhook.x32:hde32.obj
 0003:000015c0       ___security_cookie         100125c0     MSVCRT:gs_cookie.obj
 0003:00001600       ___security_cookie_complement 10012600     MSVCRT:gs_cookie.obj
 0003:00001604       __fltused                  10012604     MSVCRT:fltused.obj
 0003:00001610       ___scrt_native_dllmain_reason 10012610     MSVCRT:utility.obj
 0003:00001620       ___isa_inverted            10012620     MSVCRT:cpu_disp.obj
 0003:00001628       ___isa_enabled             10012628     MSVCRT:cpu_disp.obj
 0003:00001630       ___scrt_ucrt_dll_is_in_use 10012630     MSVCRT:ucrt_stubs.obj
 0003:00001634       ??_R0?AVexception@std@@@8  10012634     tdshook.obj
 0003:00001650       ??_R0?AVbad_array_new_length@std@@@8 10012650     tdshook.obj
 0003:00001678       ??_R0?AVbad_alloc@std@@@8  10012678     tdshook.obj
 0003:00001694       ??_R0?AVbad_cast@std@@@8   10012694     sigscan_lib:sigscan.obj
 0003:000016b0       ??_R0?AV?$basic_stringbuf@DU?$char_traits@D@std@@V?$allocator@D@2@@std@@@8 100126b0     sigscan_lib:sigscan.obj
 0003:00001700       ??_R0?AV?$basic_streambuf@DU?$char_traits@D@std@@@std@@@8 10012700     sigscan_lib:sigscan.obj
 0003:00001740       ??_R0?AV?$basic_istringstream@DU?$char_traits@D@std@@V?$allocator@D@2@@std@@@8 10012740     sigscan_lib:sigscan.obj
 0003:00001794       ??_R0?AV?$basic_istream@DU?$char_traits@D@std@@@std@@@8 10012794     sigscan_lib:sigscan.obj
 0003:000017d0       ??_R0?AV?$basic_ios@DU?$char_traits@D@std@@@std@@@8 100127d0     sigscan_lib:sigscan.obj
 0003:00001808       ??_R0?AVios_base@std@@@8   10012808     sigscan_lib:sigscan.obj
 0003:00001824       ??_R0?AV?$_Iosb@H@std@@@8  10012824     sigscan_lib:sigscan.obj
 0003:00001840       ??_R0?AVtype_info@@@8      10012840     MSVCRT:std_type_info_static.obj
 0003:00001858       ?_OptionsStorage@?1??__local_stdio_printf_options@@9@4_KA 10012858     tdshook.obj
 0003:00001b00       ?_OptionsStorage@?1??__local_stdio_scanf_options@@9@4_KA 10012b00     fxt_patch.obj
 0003:0000221c       ?_Psave@?$_Facetptr@V?$ctype@D@std@@@std@@2PBVfacet@locale@2@B 1001321c     sigscan_lib:sigscan.obj
 0003:00002544       ___scrt_current_native_startup_state 10013544     MSVCRT:utility.obj
 0003:00002548       ___scrt_native_startup_lock 10013548     MSVCRT:utility.obj
 0003:0000256c       ___avx10_version           1001356c     MSVCRT:cpu_disp.obj
 0003:00002570       ___isa_available           10013570     MSVCRT:cpu_disp.obj
 0003:00002574       ___favor                   10013574     MSVCRT:cpu_disp.obj
 0003:00002578       ___scrt_debugger_hook_flag 10013578     MSVCRT:utility_desktop.obj
 0003:00002580       ?__type_info_root_node@@3U__type_info_node@@A 10013580     MSVCRT:tncleanup.obj
 0003:00002588       ___dyn_tls_init_callback   10013588     <common>

 entry point at        0001:0000a323

 Static symbols

 0002:ffff4000       .idata$6                   10000000     ucrt:api-ms-win-crt-filesystem-l1-1-0.dll
 0002:ffff4000       .idata$6                   10000000     ucrt:api-ms-win-crt-math-l1-1-0.dll
 0001:00000000       ??__Eg_rng@?A0x6743c0ed@@YAXXZ 10001000 f   slippage.obj
 0001:00000040       ??__Eg_days@?A0x83481320@@YAXXZ 10001040 f   fxt_virtual.obj
 0001:00000050       ??__Eg_dst@?A0x83481320@@YAXXZ 10001050 f   fxt_virtual.obj
 0001:00000060       ??__Eg_phname@?A0x83481320@@YAXXZ 10001060 f   fxt_virtual.obj
 0001:0000006c       ??__E_Fac_tidy_reg@std@@YAXXZ 1000106c f   msvcprt:locale0_implib.obj
 0001:00000080       ?<lambda_invoker_stdcall>@<lambda_0f13b78fee1f5f05b652b182e0236827>@@CGKPAX@Z 10001080 f   tdshook.obj
 0001:00000330       ?CrashLogger@@YGJPAU_EXCEPTION_POINTERS@@@Z 10001330 f   tdshook.obj
 0001:00000570       ?FindTick@@YAPBUTDSTick@@I@Z 10001570 f   tdshook.obj
 0001:00000630       ?HookLog@@YAXPBDZZ         10001630 f   tdshook.obj
 0001:000006e0       ?Hook_FetchTick@@YIHPAX000@Z 100016e0 f   tdshook.obj
 0001:00000aa0       ?InstallHook@@YA_NXZ       10001aa0 f   tdshook.obj
 0001:00000da0       ?OpenShm@@YAXXZ            10001da0 f   tdshook.obj
 0001:00000f50       ?TryPatchGapFill@@YAXXZ    10001f50 f   tdshook.obj
 0001:00001240       ?<lambda_invoker_stdcall>@<lambda_db91fa091b6d5fecf29eac73b46edfbd>@@CGHPAUHWND__@@J@Z 10002240 f   gui_inject.obj
 0001:00001290       ?AugmentSpreadCombo@@YAXPAUHWND__@@@Z 10002290 f   gui_inject.obj
 0001:00001510       ?DlgProc@@YGJPAUHWND__@@IIJ@Z 10002510 f   gui_inject.obj
 0001:00001940       $LN37                      10002940     gui_inject.obj
 0001:00001960       ?FindSpreadProc@@YGHPAUHWND__@@J@Z 10002960 f   gui_inject.obj
 0001:00001aa0       ?FindStartProc@@YGHPAUHWND__@@J@Z 10002aa0 f   gui_inject.obj
 0001:00001b60       ?GuiThread@@YGKPAX@Z       10002b60 f   gui_inject.obj
 0001:00001c60       ?OpenSettingsDialog@@YAXXZ 10002c60 f   gui_inject.obj
 0001:000022f0       ?PanelProc@@YGJPAUHWND__@@IIJ@Z 100032f0 f   gui_inject.obj
 0001:000027c0       ?ReadTesterDates@@YAXPA_W0@Z 100037c0 f   gui_inject.obj
 0001:00002890       ?ReadTesterPeriod@@YAHXZ   10003890 f   gui_inject.obj
 0001:000029f0       ?ReadTesterSymbol@@YAXPA_WH@Z 100039f0 f   gui_inject.obj
 0001:00002aa0       ?RunPython@@YA_NPB_W_N@Z   10003aa0 f   gui_inject.obj
 0001:00002b50       ?SafeGetItem@@YA_NPAUHWND__@@HPA_WH@Z 10003b50 f   gui_inject.obj
 0001:00002ba0       ?ScanDatesProc@@YGHPAUHWND__@@J@Z 10003ba0 f   gui_inject.obj
 0001:00002d30       ?UpdateMySpreadFlag@@YAXXZ 10003d30 f   gui_inject.obj
 0001:000030e0       ?GuardLog@?A0x4ab523b7@@YAXPBDPB_W@Z 100040e0 f   fxt_patch.obj
 0001:000031b0       ?Hook_CloseHandle@?A0x4ab523b7@@YGHPAX@Z 100041b0 f   fxt_patch.obj
 0001:00003230       ?Hook_CreateFileW@?A0x4ab523b7@@YGPAXPB_WKKPAU_SECURITY_ATTRIBUTES@@KKPAX@Z 10004230 f   fxt_patch.obj
 0001:00003480       ?Hook_ReadFile@?A0x4ab523b7@@YGHPAX0KPAKPAU_OVERLAPPED@@@Z 10004480 f   fxt_patch.obj
 0001:000036b0       ?IsTesterFxt@?A0x4ab523b7@@YA_NPB_W@Z 100046b0 f   fxt_patch.obj
 0001:000038b0       ?MaybePrepareAtStart@?A0x4ab523b7@@YAXXZ 100048b0 f   fxt_patch.obj
 0001:00003da0       ?SelfModule@?A0x4ab523b7@@YAPAUHINSTANCE__@@XZ 10004da0 f   fxt_patch.obj
 0001:00003dd0       ?VhIs@?A0x4ab523b7@@YA_NPAX@Z 10004dd0 f   fxt_patch.obj
 0001:00004040       ??$_Destroy_range@V?$allocator@UDay@?A0x83481320@@@std@@@std@@YAXPAUDay@?A0x83481320@@QAU12@AAV?$allocator@UDay@?A0x83481320@@@0@@Z 10005040 f   fxt_virtual.obj
 0001:000041f0       ??$_Emplace_reallocate@ABUDay@?A0x83481320@@@?$vector@UDay@?A0x83481320@@V?$allocator@UDay@?A0x83481320@@@std@@@std@@AAEPAUDay@?A0x83481320@@QAU23@ABU23@@Z 100051f0 f   fxt_virtual.obj
 0001:00004401       __catch$??$_Emplace_reallocate@ABUDay@?A0x83481320@@@?$vector@UDay@?A0x83481320@@V?$allocator@UDay@?A0x83481320@@@std@@@std@@AAEPAUDay@?A0x83481320@@QAU23@ABU23@@Z$0 10005401 f   fxt_virtual.obj
 0001:00004430       ??$_Uninitialized_move@PAUDay@?A0x83481320@@V?$allocator@UDay@?A0x83481320@@@std@@@std@@YAPAUDay@?A0x83481320@@QAU12@0PAU12@AAV?$allocator@UDay@?A0x83481320@@@0@@Z 10005430 f   fxt_virtual.obj
 0001:000044e0       ??$construct@UDay@?A0x83481320@@ABU12@@?$_Default_allocator_traits@V?$allocator@UDay@?A0x83481320@@@std@@@std@@SAXAAV?$allocator@UDay@?A0x83481320@@@1@QAUDay@?A0x83481320@@ABU34@@Z 100054e0 f   fxt_virtual.obj
 0001:000047c0       ??1Day@?A0x83481320@@QAE@XZ 100057c0 f   fxt_virtual.obj
 0001:000047d0       ?Emit@?A0x83481320@@YAXPAE@Z 100057d0 f   fxt_virtual.obj
 0001:00004a10       ?EnsureDay@?A0x83481320@@YA_NAAUDay@1@@Z 10005a10 f   fxt_virtual.obj
 0001:00005bd0       ?RecordPtr@?A0x83481320@@YAPBE_K@Z 10006bd0 f   fxt_virtual.obj
 0001:00005f40       ?TzShift@?A0x83481320@@YAH_J@Z 10006f40 f   fxt_virtual.obj
 0001:00005fa0       ?_Xlength@?$vector@UDay@?A0x83481320@@V?$allocator@UDay@?A0x83481320@@@std@@@std@@CAXXZ 10006fa0 f i fxt_virtual.obj
 0001:00005fb0       ?deallocate@?$allocator@UDay@?A0x83481320@@@std@@QAEXQAUDay@?A0x83481320@@I@Z 10006fb0 f   fxt_virtual.obj
 0001:00005ff0       _bits                      10006ff0 f   puff.obj
 0001:00006070       _codes                     10007070 f   puff.obj
 0001:000061a0       _construct                 100071a0 f   puff.obj
 0001:000062d0       _decode                    100072d0 f   puff.obj
 0001:000063b0       _dynamic                   100073b0 f   puff.obj
 0001:00006b60       _EnableAllHooksLL          10007b60 f   minhook.x32:hook.obj
[...]
 0001:0000ac70       __unwindfunclet$??0?$basic_istringstream@DU?$char_traits@D@std@@V?$allocator@D@2@@std@@QAE@ABV?$basic_string@DU?$char_traits@D@std@@V?$allocator@D@2@@1@H@Z$0 1000bc70 f   sigscan_lib:sigscan.obj
 0001:0000ac8d       __unwindfunclet$??0?$basic_istringstream@DU?$char_traits@D@std@@V?$allocator@D@2@@std@@QAE@ABV?$basic_string@DU?$char_traits@D@std@@V?$allocator@D@2@@1@H@Z$1 1000bc8d f   sigscan_lib:sigscan.obj
 0001:0000ac99       __unwindfunclet$??0?$basic_istringstream@DU?$char_traits@D@std@@V?$allocator@D@2@@std@@QAE@ABV?$basic_string@DU?$char_traits@D@std@@V?$allocator@D@2@@1@H@Z$3 1000bc99 f   sigscan_lib:sigscan.obj
 0001:0000aca7       __ehhandler$??0?$basic_istringstream@DU?$char_traits@D@std@@V?$allocator@D@2@@std@@QAE@ABV?$basic_string@DU?$char_traits@D@std@@V?$allocator@D@2@@1@H@Z 1000bca7 f   sigscan_lib:sigscan.obj
 0001:0000acd0       __ehhandler$??1_Sentry_base@?$basic_istream@DU?$char_traits@D@std@@@std@@QAE@XZ 1000bcd0 f   sigscan_lib:sigscan.obj
 0001:0000acf0       __ehhandler$??1sentry@?$basic_istream@DU?$char_traits@D@std@@@std@@QAE@XZ 1000bcf0 f   sigscan_lib:sigscan.obj
 0001:0000ad10       __unwindfunclet$?FindAll@sigscan@@YA?AV?$vector@IV?$allocator@I@std@@@std@@PBEIABV?$vector@UPatByte@sigscan@@V?$allocator@UPatByte@sigscan@@@std@@@3@@Z$0 1000bd10 f   sigscan_lib:sigscan.obj
 0001:0000ad2e       __ehhandler$?FindAll@sigscan@@YA?AV?$vector@IV?$allocator@I@std@@@std@@PBEIABV?$vector@UPatByte@sigscan@@V?$allocator@UPatByte@sigscan@@@std@@@3@@Z 1000bd2e f   sigscan_lib:sigscan.obj
 0001:0000ad50       __unwindfunclet$?ParsePattern@sigscan@@YA?AV?$vector@UPatByte@sigscan@@V?$allocator@UPatByte@sigscan@@@std@@@std@@ABV?$basic_string@DU?$char_traits@D@std@@V?$allocator@D@2@@3@@Z$0 1000bd50 f   sigscan_lib:sigscan.obj
 0001:0000ad69       __unwindfunclet$?ParsePattern@sigscan@@YA?AV?$vector@UPatByte@sigscan@@V?$allocator@UPatByte@sigscan@@@std@@@std@@ABV?$basic_string@DU?$char_traits@D@std@@V?$allocator@D@2@@3@@Z$1 1000bd69 f   sigscan_lib:sigscan.obj
 0001:0000ad74       __unwindfunclet$?ParsePattern@sigscan@@YA?AV?$vector@UPatByte@sigscan@@V?$allocator@UPatByte@sigscan@@@std@@@std@@ABV?$basic_string@DU?$char_traits@D@std@@V?$allocator@D@2@@3@@Z$2 1000bd74 f   sigscan_lib:sigscan.obj
 0001:0000ad7c       __unwindfunclet$?ParsePattern@sigscan@@YA?AV?$vector@UPatByte@sigscan@@V?$allocator@UPatByte@sigscan@@@std@@@std@@ABV?$basic_string@DU?$char_traits@D@std@@V?$allocator@D@2@@3@@Z$7 1000bd7c f   sigscan_lib:sigscan.obj
 0001:0000ad99       __unwindfunclet$?ParsePattern@sigscan@@YA?AV?$vector@UPatByte@sigscan@@V?$allocator@UPatByte@sigscan@@@std@@@std@@ABV?$basic_string@DU?$char_traits@D@std@@V?$allocator@D@2@@3@@Z$8 1000bd99 f   sigscan_lib:sigscan.obj
 0001:0000ada5       __unwindfunclet$?ParsePattern@sigscan@@YA?AV?$vector@UPatByte@sigscan@@V?$allocator@UPatByte@sigscan@@@std@@@std@@ABV?$basic_string@DU?$char_traits@D@std@@V?$allocator@D@2@@3@@Z$10 1000bda5 f   sigscan_lib:sigscan.obj
 0001:0000adae       __unwindfunclet$?ParsePattern@sigscan@@YA?AV?$vector@UPatByte@sigscan@@V?$allocator@UPatByte@sigscan@@@std@@@std@@ABV?$basic_string@DU?$char_traits@D@std@@V?$allocator@D@2@@3@@Z$3 1000bdae f   sigscan_lib:sigscan.obj
 0001:0000adbe       __ehhandler$?ParsePattern@sigscan@@YA?AV?$vector@UPatByte@sigscan@@V?$allocator@UPatByte@sigscan@@@std@@@std@@ABV?$basic_string@DU?$char_traits@D@std@@V?$allocator@D@2@@3@@Z 1000bdbe f   sigscan_lib:sigscan.obj
 0001:0000adf0       ??__Fg_days@?A0x83481320@@YAXXZ 1000bdf0 f   fxt_virtual.obj
 0001:0000ae90       ??__Fg_dst@?A0x83481320@@YAXXZ 1000be90 f   fxt_virtual.obj
 0001:0000aef0       ??__Fg_phname@?A0x83481320@@YAXXZ 1000bef0 f   fxt_virtual.obj
 0001:0000af4f       ??__F_Fac_tidy_reg@std@@YAXXZ 1000bf4f f   msvcprt:locale0_implib.obj
 0002:00000314       ?_Fac_tidy_reg$initializer$@std@@3P6AXXZA 1000c314     msvcprt:locale0_implib.obj
 0002:00000318       ?g_rng$initializer$@?A0x6743c0ed@@3P6AXXZA 1000c318     slippage.obj
 0002:0000031c       ?g_dst$initializer$@?A0x83481320@@3P6AXXZA 1000c31c     fxt_virtual.obj
 0002:00000320       ?g_phname$initializer$@?A0x83481320@@3P6AXXZA 1000c320     fxt_virtual.obj
 0002:00000324       ?g_days$initializer$@?A0x83481320@@3P6AXXZA 1000c324     fxt_virtual.obj
 0002:000008c0       ?MYSPREAD_ITEM@@3QB_WB     1000c8c0     gui_inject.obj
 0002:00001b90       ?lens@?1??codes@@9@9       1000db90     puff.obj
 0002:00001bcc       ?lext@?1??codes@@9@9       1000dbcc     puff.obj
 0002:00001c08       ?dists@?1??codes@@9@9      1000dc08     puff.obj
 0002:00001c44       ?dext@?1??codes@@9@9       1000dc44     puff.obj
 0002:00001c80       ?order@?1??dynamic@@9@9    1000dc80     puff.obj
 0002:00001d50       _bias_low                  1000dd50     MSVCRT:ftol3.obj
 0002:00001d60       _bias_high                 1000dd60     MSVCRT:ftol3.obj
 0002:00001d70       _DP2to32                   1000dd70     MSVCRT:ftol3.obj
 0002:00001d78       _NaN                       1000dd78     MSVCRT:ftol3.obj
 0002:00001d7c       _onept5                    1000dd7c     MSVCRT:ftol3.obj
 0002:00001d80       _GS_ExceptionPointers      1000dd80     MSVCRT:gs_report.obj
 0002:00002628       __sehtable$?TryPatchGapFill@@YAXXZ 1000e628     tdshook.obj
 0002:00002648       __sehtable$?Hook_FetchTick@@YIHPAX000@Z 1000e648     tdshook.obj
 0002:00002670       __unwindtable$?InstallHook@@YA_NXZ 1000e670     tdshook.obj
 0002:00002688       __ehfuncinfo$?InstallHook@@YA_NXZ 1000e688     tdshook.obj
 0002:00002720       __unwindtable$?IsTesterFxt@?A0x4ab523b7@@YA_NPB_W@Z 1000e720     fxt_patch.obj
 0002:00002728       __ehfuncinfo$?IsTesterFxt@?A0x4ab523b7@@YA_NPB_W@Z 1000e728     fxt_patch.obj
 0002:0000274c       __unwindtable$?MaybePrepareAtStart@?A0x4ab523b7@@YAXXZ 1000e74c     fxt_patch.obj
 0002:0000275c       __ehfuncinfo$?MaybePrepareAtStart@?A0x4ab523b7@@YAXXZ 1000e75c     fxt_patch.obj
 0002:00002780       __unwindtable$?Hook_CreateFileW@?A0x4ab523b7@@YGPAXPB_WKKPAU_SECURITY_ATTRIBUTES@@KKPAX@Z 1000e780     fxt_patch.obj
 0002:00002788       __ehfuncinfo$?Hook_CreateFileW@?A0x4ab523b7@@YGPAXPB_WKKPAU_SECURITY_ATTRIBUTES@@KKPAX@Z 1000e788     fxt_patch.obj
 0002:000027ac       __unwindtable$?LoadPath@vfxt@@YA_NPB_W@Z 1000e7ac     fxt_virtual.obj
 0002:000027c4       __ehfuncinfo$?LoadPath@vfxt@@YA_NPB_W@Z 1000e7c4     fxt_virtual.obj
 0002:000027e8       __catchsym$??$_Emplace_reallocate@ABUDay@?A0x83481320@@@?$vector@UDay@?A0x83481320@@V?$allocator@UDay@?A0x83481320@@@std@@@std@@AAEPAUDay@?A0x83481320@@QAU23@ABU23@@Z$4 1000e7e8     fxt_virtual.obj
 0002:000027f8       __unwindtable$??$_Emplace_reallocate@ABUDay@?A0x83481320@@@?$vector@UDay@?A0x83481320@@V?$allocator@UDay@?A0x83481320@@@std@@@std@@AAEPAUDay@?A0x83481320@@QAU23@ABU23@@Z 1000e7f8     fxt_virtual.obj
 0002:00002808       __tryblocktable$??$_Emplace_reallocate@ABUDay@?A0x83481320@@@?$vector@UDay@?A0x83481320@@V?$allocator@UDay@?A0x83481320@@@std@@@std@@AAEPAUDay@?A0x83481320@@QAU23@ABU23@@Z 1000e808     fxt_virtual.obj
 0002:0000281c       __ehfuncinfo$??$_Emplace_reallocate@ABUDay@?A0x83481320@@@?$vector@UDay@?A0x83481320@@V?$allocator@UDay@?A0x83481320@@@std@@@std@@AAEPAUDay@?A0x83481320@@QAU23@ABU23@@Z 1000e81c     fxt_virtual.obj
 0002:00002840       __ehfuncinfo$?ParsePattern@sigscan@@YA?AV?$vector@UPatByte@sigscan@@V?$allocator@UPatByte@sigscan@@@std@@@std@@ABV?$basic_string@DU?$char_traits@D@std@@V?$allocator@D@2@@3@@Z 1000e840     sigscan_lib:sigscan.obj
 0002:00002864       __unwindtable$?ParsePattern@sigscan@@YA?AV?$vector@UPatByte@sigscan@@V?$allocator@UPatByte@sigscan@@@std@@@std@@ABV?$basic_string@DU?$char_traits@D@std@@V?$allocator@D@2@@3@@Z 1000e864     sigscan_lib:sigscan.obj
 0002:0000289c       __unwindtable$?FindAll@sigscan@@YA?AV?$vector@IV?$allocator@I@std@@@std@@PBEIABV?$vector@UPatByte@sigscan@@V?$allocator@UPatByte@sigscan@@@std@@@3@@Z 1000e89c     sigscan_lib:sigscan.obj
 0002:000028a4       __ehfuncinfo$?FindAll@sigscan@@YA?AV?$vector@IV?$allocator@I@std@@@std@@PBEIABV?$vector@UPatByte@sigscan@@V?$allocator@UPatByte@sigscan@@@std@@@3@@Z 1000e8a4     sigscan_lib:sigscan.obj
 0002:000028c8       __unwindtable$??$use_facet@V?$ctype@D@std@@@std@@YAABV?$ctype@D@0@ABVlocale@0@@Z 1000e8c8     sigscan_lib:sigscan.obj
 0002:000028d8       __ehfuncinfo$??$use_facet@V?$ctype@D@std@@@std@@YAABV?$ctype@D@0@ABVlocale@0@@Z 1000e8d8     sigscan_lib:sigscan.obj
 0002:000028fc       __unwindtable$??0?$basic_istringstream@DU?$char_traits@D@std@@V?$allocator@D@2@@std@@QAE@ABV?$basic_string@DU?$char_traits@D@std@@V?$allocator@D@2@@1@H@Z 1000e8fc     sigscan_lib:sigscan.obj
 0002:00002914       __ehfuncinfo$??0?$basic_istringstream@DU?$char_traits@D@std@@V?$allocator@D@2@@std@@QAE@ABV?$basic_string@DU?$char_traits@D@std@@V?$allocator@D@2@@1@H@Z 1000e914     sigscan_lib:sigscan.obj
 0002:00002938       __catchsym$??$?5DU?$char_traits@D@std@@V?$allocator@D@1@@std@@YAAAV?$basic_istream@DU?$char_traits@D@std@@@0@AAV10@AAV?$basic_string@DU?$char_traits@D@std@@V?$allocator@D@2@@0@@Z$7 1000e938     sigscan_lib:sigscan.obj
 0002:00002948       __tryblocktable$??$?5DU?$char_traits@D@std@@V?$allocator@D@1@@std@@YAAAV?$basic_istream@DU?$char_traits@D@std@@@0@AAV10@AAV?$basic_string@DU?$char_traits@D@std@@V?$allocator@D@2@@0@@Z 1000e948     sigscan_lib:sigscan.obj
 0002:0000295c       __ehfuncinfo$??$?5DU?$char_traits@D@std@@V?$allocator@D@1@@std@@YAAAV?$basic_istream@DU?$char_traits@D@std@@@0@AAV10@AAV?$basic_string@DU?$char_traits@D@std@@V?$allocator@D@2@@0@@Z 1000e95c     sigscan_lib:sigscan.obj
 0002:00002980       __unwindtable$??$?5DU?$char_traits@D@std@@V?$allocator@D@1@@std@@YAAAV?$basic_istream@DU?$char_traits@D@std@@@0@AAV10@AAV?$basic_string@DU?$char_traits@D@std@@V?$allocator@D@2@@0@@Z 1000e980     sigscan_lib:sigscan.obj
 0002:000029b0       __ehfuncinfo$??1_Sentry_base@?$basic_istream@DU?$char_traits@D@std@@@std@@QAE@XZ 1000e9b0     sigscan_lib:sigscan.obj
 0002:000029d4       __unwindtable$??1sentry@?$basic_istream@DU?$char_traits@D@std@@@std@@QAE@XZ 1000e9d4     sigscan_lib:sigscan.obj
 0002:000029dc       __ehfuncinfo$??1sentry@?$basic_istream@DU?$char_traits@D@std@@@std@@QAE@XZ 1000e9dc     sigscan_lib:sigscan.obj
 0002:00002a38       __sehtable$___scrt_is_nonwritable_in_current_image 1000ea38     MSVCRT:utility.obj
 0002:00002a58       __sehtable$?dllmain_crt_process_attach@@YAHQAUHINSTANCE__@@QAX@Z 1000ea58     MSVCRT:dll_dllmain.obj
 0002:00002a78       __sehtable$?dllmain_crt_process_detach@@YAH_N@Z 1000ea78     MSVCRT:dll_dllmain.obj
 0002:00002aa0       __sehtable$?dllmain_dispatch@@YAHQAUHINSTANCE__@@KQAX@Z 1000eaa0     MSVCRT:dll_dllmain.obj
 0002:000032e2       .idata$6                   1000f2e2     kernel32:KERNEL32.dll
 0002:000034c6       .idata$6                   1000f4c6     user32:USER32.dll
 0002:000034e0       .idata$6                   1000f4e0     gdi32:GDI32.dll
 0002:000034fc       .idata$6                   1000f4fc     shell32:SHELL32.dll
 0002:00003f6e       .idata$6                   1000ff6e     msvcprt:MSVCP140.dll
 0002:00003f94       .idata$6                   1000ff94     comctl32:COMCTL32.dll
 0002:00003fb8       .idata$6                   1000ffb8     shlwapi:SHLWAPI.dll
 0002:000040b6       .idata$6                   100100b6     vcruntime:VCRUNTIME140.dll
 0002:000042be       .idata$6                   100102be     ucrt:api-ms-win-crt-runtime-l1-1-0.dll
 0002:000042e0       .idata$6                   100102e0     ucrt:api-ms-win-crt-string-l1-1-0.dll
 0002:00004302       .idata$6                   10010302     ucrt:api-ms-win-crt-stdio-l1-1-0.dll
 0002:00004322       .idata$6                   10010322     ucrt:api-ms-win-crt-convert-l1-1-0.dll
 0002:00004344       .idata$6                   10010344     ucrt:api-ms-win-crt-time-l1-1-0.dll
 0002:00004364       .idata$6                   10010364     ucrt:api-ms-win-crt-heap-l1-1-0.dll
 0003:00000000       ?SHM_NAME@?A0x6743c0ed@@3PB_WB 10011000     slippage.obj
 0003:00000008       ?g_rng@?A0x6743c0ed@@3V?$mersenne_twister_engine@I$0CA@$0CHA@$0BIN@$0BP@$0JJAILANP@$0L@$0PPPPPPPP@$06$0JNCMFGIA@$0P@$0OPMGAAAA@$0BC@$0GMAHIJGF@@std@@A 10011008     slippage.obj
 0003:00001390       ?g_phname@?A0x83481320@@3V?$basic_string@_WU?$char_traits@_W@std@@V?$allocator@_W@2@@std@@A 10012390     fxt_virtual.obj
 0003:000013a8       ?g_cachedK@?A0x83481320@@3_KA 100123a8     fxt_virtual.obj
 0003:000013b0       ?virgin@?1??fixed@@9@9     100123b0     puff.obj
 0003:00001860       ?g_shmHandle@?A0xfd1bc515@@3PAXA 10012860     tdshook.obj
 0003:00001864       ?g_shm@?A0xfd1bc515@@3PAXA 10012864     tdshook.obj
 0003:00001868       ?g_shmMagic@?A0xfd1bc515@@3IA 10012868     tdshook.obj
 0003:0000186c       ?g_hMod@?A0xfd1bc515@@3PAUHINSTANCE__@@A 1001286c     tdshook.obj
 0003:00001870       ?g_tickCursor@?A0xfd1bc515@@3IC 10012870     tdshook.obj
 0003:00001874       ?g_orig@?A0xfd1bc515@@3P6IHPAX000@ZA 10012874     tdshook.obj
 0003:00001878       ?done@?1??TryPatchGapFill@@YAXXZ@4_NA 10012878     tdshook.obj
 0003:00001880       ?lastTime@?1??Hook_FetchTick@@YIHPAX000@Z@4_JA 10012880     tdshook.obj
 0003:00001888       ?doneLogged@?BB@??Hook_FetchTick@@YIHPAX000@Z@4_NA 10012888     tdshook.obj
 0003:00001890       ?dbg@?CG@??Hook_FetchTick@@YIHPAX000@Z@4_JA 10012890     tdshook.obj
 0003:00001898       ?nEx@?DA@??Hook_FetchTick@@YIHPAX000@Z@4_JA 10012898     tdshook.obj
 0003:000018a0       ?n@?1??CrashLogger@@YGJPAU_EXCEPTION_POINTERS@@@Z@4JA 100128a0     tdshook.obj
 0003:000018a8       ?g_self@?A0x4c5aada8@@3PAUHINSTANCE__@@A 100128a8     gui_inject.obj
 0003:000018ac       ?g_panel@?A0x4c5aada8@@3PAUHWND__@@A 100128ac     gui_inject.obj
 0003:000018b0       ?g_chk@?A0x4c5aada8@@3PAUHWND__@@A 100128b0     gui_inject.obj
 0003:000018b4       ?g_btn@?A0x4c5aada8@@3PAUHWND__@@A 100128b4     gui_inject.obj
 0003:000018b8       ?g_origProc@?A0x4c5aada8@@3P6GJPAUHWND__@@IIJ@ZA 100128b8     gui_inject.obj
 0003:000018bc       ?g_useMyTick@?A0x4c5aada8@@3_NA 100128bc     gui_inject.obj
 0003:000018bd       ?g_useMySpread@?A0x4c5aada8@@3_NC 100128bd     gui_inject.obj
 0003:000018c0       ?g_dlg@?A0x4c5aada8@@3PAUHWND__@@A 100128c0     gui_inject.obj
 0003:000018c4       ?g_cbSpreadTester@?A0x4c5aada8@@3PAUHWND__@@A 100128c4     gui_inject.obj
 0003:000018c8       ?g_cbSpreadId@?A0x4c5aada8@@3HA 100128c8     gui_inject.obj
 0003:000018cc       ?g_foundStart@@3PAUHWND__@@A 100128cc     gui_inject.obj
 0003:000018d0       ?g_projectRoot@?A0x4c5aada8@@3PA_WA 100128d0     gui_inject.obj
 0003:00001ad8       ?g_edSymbol@?A0x4c5aada8@@3PAUHWND__@@A 10012ad8     gui_inject.obj
 0003:00001adc       ?g_edFrom@?A0x4c5aada8@@3PAUHWND__@@A 10012adc     gui_inject.obj
 0003:00001ae0       ?g_edTo@?A0x4c5aada8@@3PAUHWND__@@A 10012ae0     gui_inject.obj
 0003:00001ae4       ?g_lblStat@?A0x4c5aada8@@3PAUHWND__@@A 10012ae4     gui_inject.obj
 0003:00001ae8       ?g_dlgFont@?A0x4c5aada8@@3PAUHFONT__@@A 10012ae8     gui_inject.obj
 0003:00001aec       ?registered@?1??OpenSettingsDialog@@YAXXZ@4_NA 10012aec     gui_inject.obj
 0003:00001aed       ?done@?1??DumpSpreadCombo@@YAXXZ@4_NA 10012aed     gui_inject.obj
 0003:00001af0       ?g_handle@?A0x6743c0ed@@3PAXA 10012af0     slippage.obj
 0003:00001af4       ?g_p@?A0x6743c0ed@@3PAUSlipParams@1@A 10012af4     slippage.obj
 0003:00001af8       ?g_rngInit@?A0x6743c0ed@@3_NA 10012af8     slippage.obj
 0003:00001b08       ?g_orig@?A0x4ab523b7@@3P6GPAXPB_WKKPAU_SECURITY_ATTRIBUTES@@KKPAX@ZA 10012b08     fxt_patch.obj
 0003:00001b0c       ?g_origReadFile@?A0x4ab523b7@@3P6GHPAX0KPAKPAU_OVERLAPPED@@@ZA 10012b0c     fxt_patch.obj
 0003:00001b10       ?g_origCloseHandle@?A0x4ab523b7@@3P6GHPAX@ZA 10012b10     fxt_patch.obj
 0003:00001b14       ?g_vcsInit@?A0x4ab523b7@@3_NA 10012b14     fxt_patch.obj
 0003:00001b15       ?g_preparing@?A0x4ab523b7@@3_NC 10012b15     fxt_patch.obj
 0003:00001b18       ?g_vh@?A0x4ab523b7@@3PAPAXA 10012b18     fxt_patch.obj
 0003:00001b58       ?g_vhN@?A0x4ab523b7@@3HC   10012b58     fxt_patch.obj
 0003:00001b5c       ?g_vcs@?A0x4ab523b7@@3U_RTL_CRITICAL_SECTION@@A 10012b5c     fxt_patch.obj
 0003:00001b78       ?g_dst@?A0x83481320@@3V?$vector@U?$pair@_J_J@std@@V?$allocator@U?$pair@_J_J@std@@@2@@std@@A 10012b78     fxt_virtual.obj
 0003:00001b84       ?g_days@?A0x83481320@@3V?$vector@UDay@?A0x83481320@@V?$allocator@UDay@?A0x83481320@@@std@@@std@@A 10012b84     fxt_virtual.obj
 0003:00001b90       ?g_cs@?A0x83481320@@3U_RTL_CRITICAL_SECTION@@A 10012b90     fxt_virtual.obj
 0003:00001ba8       ?g_csInit@?A0x83481320@@3_NA 10012ba8     fxt_virtual.obj
 0003:00001ba9       ?g_active@?A0x83481320@@3_NA 10012ba9     fxt_virtual.obj
 0003:00001baa       ?g_barStarted@?A0x83481320@@3_NA 10012baa     fxt_virtual.obj
 0003:00001bac       ?g_cfgTime@?A0x83481320@@3U_FILETIME@@A 10012bac     fxt_virtual.obj
 0003:00001bb4       ?g_period_sec@?A0x83481320@@3HA 10012bb4     fxt_virtual.obj
 0003:00001bb8       ?g_header@?A0x83481320@@3PAEA 10012bb8     fxt_virtual.obj
 0003:00001e90       ?g_gmt@?A0x83481320@@3HA   10012e90     fxt_virtual.obj
 0003:00001e94       ?g_barTime@?A0x83481320@@3HA 10012e94     fxt_virtual.obj
 0003:00001e98       ?g_from_ms@?A0x83481320@@3_JA 10012e98     fxt_virtual.obj
 0003:00001ea0       ?g_to_ms@?A0x83481320@@3_JA 10012ea0     fxt_virtual.obj
 0003:00001ea8       ?g_total_bars@?A0x83481320@@3_KA 10012ea8     fxt_virtual.obj
 0003:00001eb0       ?g_point@?A0x83481320@@3NA 10012eb0     fxt_virtual.obj
 0003:00001eb8       ?g_total@?A0x83481320@@3_KA 10012eb8     fxt_virtual.obj
 0003:00001ec0       ?g_loaded_bytes@?A0x83481320@@3_KA 10012ec0     fxt_virtual.obj
 0003:00001ec8       ?g_lru_clock@?A0x83481320@@3_KA 10012ec8     fxt_virtual.obj
 0003:00001ed0       ?g_cur@?A0x83481320@@3_KA  10012ed0     fxt_virtual.obj
 0003:00001ed8       ?g_recidx@?A0x83481320@@3_KA 10012ed8     fxt_virtual.obj
 0003:00001ee0       ?g_open@?A0x83481320@@3NA  10012ee0     fxt_virtual.obj
 0003:00001ee8       ?g_high@?A0x83481320@@3NA  10012ee8     fxt_virtual.obj
 0003:00001ef0       ?g_low@?A0x83481320@@3NA   10012ef0     fxt_virtual.obj
 0003:00001ef8       ?g_vol@?A0x83481320@@3_JA  10012ef8     fxt_virtual.obj
 0003:00001f00       ?g_cachedRec@?A0x83481320@@3PAEA 10012f00     fxt_virtual.obj
 0003:00001f38       ?lencnt@?1??fixed@@9@9     10012f38     puff.obj
 0003:00001f58       ?lensym@?1??fixed@@9@9     10012f58     puff.obj
 0003:00002198       ?distcnt@?1??fixed@@9@9    10013198     puff.obj
 0003:000021b8       ?distsym@?1??fixed@@9@9    100131b8     puff.obj
 0003:000021f4       ?lencode@?1??fixed@@9@9    100131f4     puff.obj
 0003:000021fc       ?distcode@?1??fixed@@9@9   100131fc     puff.obj
 0003:00002204       _g_isLocked                10013204     minhook.x32:hook.obj
 0003:00002208       _g_hHeap                   10013208     minhook.x32:hook.obj
 0003:0000220c       _g_hooks                   1001320c     minhook.x32:hook.obj
 0003:00002218       _g_pMemoryBlocks           10013218     minhook.x32:buffer.obj
 0003:00002220       ?_Fac_head@std@@3PAU_Fac_node@1@A 10013220     msvcprt:locale0_implib.obj
 0003:00002224       ?_Fac_tidy_reg@std@@3U_Fac_tidy_reg_t@1@B 10013224     msvcprt:locale0_implib.obj
 0003:00002228       _GS_ExceptionRecord        10013228     MSVCRT:gs_report.obj
 0003:00002278       _GS_ContextRecord          10013278     MSVCRT:gs_report.obj
 0003:0000254c       ?is_initialized_as_dll@@3_NA 1001354c     MSVCRT:utility.obj
 0003:0000254d       ?module_local_atexit_table_initialized@@3_NA 1001354d     MSVCRT:utility.obj
 0003:00002550       ?module_local_atexit_table@@3U_onexit_table_t@@A 10013550     MSVCRT:utility.obj
 0003:0000255c       ?module_local_at_quick_exit_table@@3U_onexit_table_t@@A 1001355c     MSVCRT:utility.obj
 0003:00002568       ?__proc_attached@@3HA      10013568     MSVCRT:dll_dllmain.obj
 0004:00000060       $R000000                   10014060     * linker generated manifest res *
