[Tue Jun 30 21:22:47 2026] === GUARD LOADED OK (kernelbase CreateFileW) ===
[Tue Jun 30 21:24:08 2026] REDIRECT WRITE (chan sinh lai) : C:\Users\Phuc\AppData\Roaming\MetaQuotes\Terminal\ADB94438A57B9692806EA638441107AB\tester\history\BTCUSD1_0.fxt
[Tue Jun 30 21:24:11 2026] READ FXT that cua ta : C:\Users\Phuc\AppData\Roaming\MetaQuotes\Terminal\ADB94438A57B9692806EA638441107AB\tester\history\BTCUSD1_0.fxt
[Tue Jun 30 22:07:28 2026] === GUARD LOADED OK (kernelbase CreateFileW) ===
[Tue Jun 30 22:08:44 2026] READ FXT that cua ta : C:\Users\Phuc\AppData\Roaming\MetaQuotes\Terminal\ADB94438A57B9692806EA638441107AB\tester\history\BTCUSD240_0.fxt
[Tue Jun 30 22:08:44 2026] READ FXT that cua ta : C:\Users\Phuc\AppData\Roaming\MetaQuotes\Terminal\ADB94438A57B9692806EA638441107AB\tester\history\BTCUSD240_0.fxt
[Tue Jun 30 22:09:57 2026] READ FXT that cua ta : C:\Users\Phuc\AppData\Roaming\MetaQuotes\Terminal\ADB94438A57B9692806EA638441107AB\tester\history\BTCUSD1_0.fxt
[Tue Jun 30 22:09:57 2026] READ FXT that cua ta : C:\Users\Phuc\AppData\Roaming\MetaQuotes\Terminal\ADB94438A57B9692806EA638441107AB\tester\history\BTCUSD1_0.fxt
[Tue Jun 30 22:11:11 2026] REDIRECT WRITE (chan sinh lai) : C:\Users\Phuc\AppData\Roaming\MetaQuotes\Terminal\ADB94438A57B9692806EA638441107AB\tester\history\BTCUSD1_0.fxt
[Tue Jun 30 22:11:12 2026] READ FXT that cua ta : C:\Users\Phuc\AppData\Roaming\MetaQuotes\Terminal\ADB94438A57B9692806EA638441107AB\tester\history\BTCUSD1_0.fxt
[Tue Jun 30 22:11:15 2026] READ FXT that cua ta : C:\Users\Phuc\AppData\Roaming\MetaQuotes\Terminal\ADB94438A57B9692806EA638441107AB\tester\history\BTCUSD1_0.fxt
[Tue Jun 30 23:16:00 2026] REDIRECT WRITE (chan sinh lai) : C:\Users\Phuc\AppData\Roaming\MetaQuotes\Terminal\ADB94438A57B9692806EA638441107AB\tester\history\BTCUSD1_0.fxt
[Tue Jun 30 23:16:01 2026] READ FXT that cua ta : C:\Users\Phuc\AppData\Roaming\MetaQuotes\Terminal\ADB94438A57B9692806EA638441107AB\tester\history\BTCUSD1_0.fxt
[Tue Jun 30 23:16:03 2026] READ FXT that cua ta : C:\Users\Phuc\AppData\Roaming\MetaQuotes\Terminal\ADB94438A57B9692806EA638441107AB\tester\history\BTCUSD1_0.fxt
[Tue Jun 30 23:17:29 2026] READ FXT that cua ta : C:\Users\Phuc\AppData\Roaming\MetaQuotes\Terminal\ADB94438A57B9692806EA638441107AB\tester\history\BTCUSD1_0.fxt
[Tue Jun 30 23:17:29 2026] READ FXT that cua ta : C:\Users\Phuc\AppData\Roaming\MetaQuotes\Terminal\ADB94438A57B9692806EA638441107AB\tester\history\BTCUSD1_0.fxt
[Tue Jun 30 23:39:25 2026] === GUARD LOADED OK (kernelbase CreateFileW) ===
[Tue Jun 30 23:40:28 2026] READ FXT that cua ta : C:\Users\Phuc\AppData\Roaming\MetaQuotes\Terminal\ADB94438A57B9692806EA638441107AB\tester\history\BTCUSD1_0.fxt
[Tue Jun 30 23:40:29 2026] READ FXT that cua ta : C:\Users\Phuc\AppData\Roaming\MetaQuotes\Terminal\ADB94438A57B9692806EA638441107AB\tester\history\BTCUSD1_0.fxt
[Tue Jun 30 23:42:51 2026] REDIRECT WRITE (chan sinh lai) : C:\Users\Phuc\AppData\Roaming\MetaQuotes\Terminal\ADB94438A57B9692806EA638441107AB\tester\history\BTCUSD1_0.fxt
[Tue Jun 30 23:42:52 2026] READ FXT that cua ta : C:\Users\Phuc\AppData\Roaming\MetaQuotes\Terminal\ADB94438A57B9692806EA638441107AB\tester\history\BTCUSD1_0.fxt
[Tue Jun 30 23:42:54 2026] READ FXT that cua ta : C:\Users\Phuc\AppData\Roaming\MetaQuotes\Terminal\ADB94438A57B9692806EA638441107AB\tester\history\BTCUSD1_0.fxt
[Tue Jun 30 23:52:56 2026] READ FXT that cua ta : C:\Users\Phuc\AppData\Roaming\MetaQuotes\Terminal\ADB94438A57B9692806EA638441107AB\tester\history\BTCUSD1_0.fxt
[Tue Jun 30 23:52:56 2026] READ FXT that cua ta : C:\Users\Phuc\AppData\Roaming\MetaQuotes\Terminal\ADB94438A57B9692806EA638441107AB\tester\history\BTCUSD1_0.fxt
[Wed Jul  1 00:11:16 2026] === GUARD LOADED OK (kernelbase CreateFileW) ===
[Wed Jul  1 00:13:59 2026] READ FXT that cua ta : C:\Users\Phuc\AppData\Roaming\MetaQuotes\Terminal\ADB94438A57B9692806EA638441107AB\tester\history\BTCUSD1_0.fxt
[Wed Jul  1 00:13:59 2026] READ FXT that cua ta : C:\Users\Phuc\AppData\Roaming\MetaQuotes\Terminal\ADB94438A57B9692806EA638441107AB\tester\history\BTCUSD1_0.fxt
[Wed Jul  1 00:23:45 2026] READ FXT that cua ta : C:\Users\Phuc\AppData\Roaming\MetaQuotes\Terminal\ADB94438A57B9692806EA638441107AB\tester\history\BTCUSD1_0.fxt
[Wed Jul  1 00:23:45 2026] READ FXT that cua ta : C:\Users\Phuc\AppData\Roaming\MetaQuotes\Terminal\ADB94438A57B9692806EA638441107AB\tester\history\BTCUSD1_0.fxt
[Wed Jul  1 00:26:36 2026] === GUARD LOADED OK (kernelbase CreateFileW) ===
[Wed Jul  1 00:28:58 2026] READ FXT that cua ta : C:\Users\Phuc\AppData\Roaming\MetaQuotes\Terminal\ADB94438A57B9692806EA638441107AB\tester\history\BTCUSD1_0.fxt
[Wed Jul  1 00:28:58 2026] READ FXT that cua ta : C:\Users\Phuc\AppData\Roaming\MetaQuotes\Terminal\ADB94438A57B9692806EA638441107AB\tester\history\BTCUSD1_0.fxt
[Wed Jul  1 00:55:07 2026] === GUARD LOADED OK (kernelbase CreateFileW) ===
[Wed Jul  1 00:58:24 2026] READ FXT that cua ta : C:\Users\Phuc\AppData\Roaming\MetaQuotes\Terminal\ADB94438A57B9692806EA638441107AB\tester\history\BTCUSD1_0.fxt
[Wed Jul  1 00:58:24 2026] READ FXT that cua ta : C:\Users\Phuc\AppData\Roaming\MetaQuotes\Terminal\ADB94438A57B9692806EA638441107AB\tester\history\BTCUSD1_0.fxt
[Wed Jul  1 01:00:01 2026] REDIRECT WRITE (chan sinh lai) : C:\Users\Phuc\AppData\Roaming\MetaQuotes\Terminal\ADB94438A57B9692806EA638441107AB\tester\history\BTCUSD1_0.fxt
[Wed Jul  1 01:00:02 2026] READ FXT that cua ta : C:\Users\Phuc\AppData\Roaming\MetaQuotes\Terminal\ADB94438A57B9692806EA638441107AB\tester\history\BTCUSD1_0.fxt
[Wed Jul  1 01:00:05 2026] READ FXT that cua ta : C:\Users\Phuc\AppData\Roaming\MetaQuotes\Terminal\ADB94438A57B9692806EA638441107AB\tester\history\BTCUSD1_0.fxt
[Wed Jul  1 01:05:35 2026] READ FXT that cua ta : C:\Users\Phuc\AppData\Roaming\MetaQuotes\Terminal\ADB94438A57B9692806EA638441107AB\tester\history\BTCUSD1_0.fxt
[Wed Jul  1 01:05:35 2026] READ FXT that cua ta : C:\Users\Phuc\AppData\Roaming\MetaQuotes\Terminal\ADB94438A57B9692806EA638441107AB\tester\history\BTCUSD1_0.fxt
[Wed Jul  1 06:43:55 2026] === GUARD LOADED OK (kernelbase CreateFileW) ===
[Wed Jul  1 06:50:17 2026] READ FXT that cua ta : C:\Users\Phuc\AppData\Roaming\MetaQuotes\Terminal\ADB94438A57B9692806EA638441107AB\tester\history\BTCUSD1_0.fxt
[Wed Jul  1 06:50:17 2026] READ FXT that cua ta : C:\Users\Phuc\AppData\Roaming\MetaQuotes\Terminal\ADB94438A57B9692806EA638441107AB\tester\history\BTCUSD1_0.fxt
[Wed Jul  1 06:56:38 2026] === GUARD LOADED OK (kernelbase CreateFileW) ===
[Wed Jul  1 07:01:36 2026] READ FXT that cua ta : C:\Users\Phuc\AppData\Roaming\MetaQuotes\Terminal\ADB94438A57B9692806EA638441107AB\tester\history\BTCUSD1_0.fxt
[Wed Jul  1 07:01:36 2026] READ FXT that cua ta : C:\Users\Phuc\AppData\Roaming\MetaQuotes\Terminal\ADB94438A57B9692806EA638441107AB\tester\history\BTCUSD1_0.fxt
[Wed Jul  1 07:22:30 2026] === GUARD LOADED OK (kernelbase CreateFileW) ===
[Wed Jul  1 07:28:33 2026] READ FXT that cua ta : C:\Users\Phuc\AppData\Roaming\MetaQuotes\Terminal\ADB94438A57B9692806EA638441107AB\tester\history\BTCUSD1_0.fxt
[Wed Jul  1 07:28:33 2026] READ FXT that cua ta : C:\Users\Phuc\AppData\Roaming\MetaQuotes\Terminal\ADB94438A57B9692806EA638441107AB\tester\history\BTCUSD1_0.fxt
[Wed Jul  1 07:30:15 2026] READ FXT that cua ta : C:\Users\Phuc\AppData\Roaming\MetaQuotes\Terminal\ADB94438A57B9692806EA638441107AB\tester\history\BTCUSD1_0.fxt
[Wed Jul  1 07:30:15 2026] READ FXT that cua ta : C:\Users\Phuc\AppData\Roaming\MetaQuotes\Terminal\ADB94438A57B9692806EA638441107AB\tester\history\BTCUSD1_0.fxt
[Wed Jul  1 07:57:57 2026] === GUARD LOADED OK (kernelbase CreateFileW) ===
[Wed Jul  1 08:03:11 2026] READ FXT that cua ta : C:\Users\Phuc\AppData\Roaming\MetaQuotes\Terminal\ADB94438A57B9692806EA638441107AB\tester\history\BTCUSD1_0.fxt
[Wed Jul  1 08:03:11 2026] READ FXT that cua ta : C:\Users\Phuc\AppData\Roaming\MetaQuotes\Terminal\ADB94438A57B9692806EA638441107AB\tester\history\BTCUSD1_0.fxt
[Wed Jul  1 08:20:21 2026] === GUARD LOADED OK (kernelbase CreateFileW) ===
[Wed Jul  1 08:26:49 2026] READ FXT that cua ta : C:\Users\Phuc\AppData\Roaming\MetaQuotes\Terminal\ADB94438A57B9692806EA638441107AB\tester\history\BTCUSD1_0.fxt
[Wed Jul  1 08:26:49 2026] READ FXT that cua ta : C:\Users\Phuc\AppData\Roaming\MetaQuotes\Terminal\ADB94438A57B9692806EA638441107AB\tester\history\BTCUSD1_0.fxt
[Wed Jul  1 08:28:43 2026] === GUARD LOADED OK (kernelbase CreateFileW) ===
[Wed Jul  1 08:46:43 2026] === GUARD LOADED OK (kernelbase CreateFileW) ===
[Wed Jul  1 08:53:05 2026] READ FXT that cua ta : C:\Users\Phuc\AppData\Roaming\MetaQuotes\Terminal\ADB94438A57B9692806EA638441107AB\tester\history\BTCUSD1_0.fxt
[Wed Jul  1 08:53:05 2026] READ FXT that cua ta : C:\Users\Phuc\AppData\Roaming\MetaQuotes\Terminal\ADB94438A57B9692806EA638441107AB\tester\history\BTCUSD1_0.fxt
[Wed Jul  1 09:03:31 2026] === GUARD LOADED OK (kernelbase CreateFileW) ===
[Wed Jul  1 09:11:01 2026] READ FXT that cua ta : C:\Users\Phuc\AppData\Roaming\MetaQuotes\Terminal\ADB94438A57B9692806EA638441107AB\tester\history\BTCUSD1_0.fxt
[Wed Jul  1 09:11:01 2026] READ FXT that cua ta : C:\Users\Phuc\AppData\Roaming\MetaQuotes\Terminal\ADB94438A57B9692806EA638441107AB\tester\history\BTCUSD1_0.fxt
[Wed Jul  1 09:20:18 2026] === GUARD LOADED OK (kernelbase CreateFileW) ===
[Wed Jul  1 09:25:12 2026] READ FXT that cua ta : C:\Users\Phuc\AppData\Roaming\MetaQuotes\Terminal\ADB94438A57B9692806EA638441107AB\tester\history\BTCUSD1_0.fxt
[Wed Jul  1 09:25:12 2026] READ FXT that cua ta : C:\Users\Phuc\AppData\Roaming\MetaQuotes\Terminal\ADB94438A57B9692806EA638441107AB\tester\history\BTCUSD1_0.fxt
[Wed Jul  1 09:32:17 2026] === GUARD LOADED OK (kernelbase CreateFileW) ===
[Wed Jul  1 09:41:30 2026] READ FXT that cua ta : C:\Users\Phuc\AppData\Roaming\MetaQuotes\Terminal\ADB94438A57B9692806EA638441107AB\tester\history\BTCUSD1_0.fxt
[Wed Jul  1 09:41:30 2026] READ FXT that cua ta : C:\Users\Phuc\AppData\Roaming\MetaQuotes\Terminal\ADB94438A57B9692806EA638441107AB\tester\history\BTCUSD1_0.fxt
[Wed Jul  1 09:50:09 2026] === GUARD LOADED OK (kernelbase CreateFileW) ===
[Wed Jul  1 09:59:03 2026] READ FXT that cua ta : C:\Users\Phuc\AppData\Roaming\MetaQuotes\Terminal\ADB94438A57B9692806EA638441107AB\tester\history\BTCUSD1_0.fxt
[Wed Jul  1 09:59:03 2026] READ FXT that cua ta : C:\Users\Phuc\AppData\Roaming\MetaQuotes\Terminal\ADB94438A57B9692806EA638441107AB\tester\history\BTCUSD1_0.fxt
[Wed Jul  1 10:13:36 2026] === GUARD LOADED OK (kernelbase CreateFileW) ===
[Wed Jul  1 10:18:23 2026] READ FXT that cua ta : C:\Users\Phuc\AppData\Roaming\MetaQuotes\Terminal\ADB94438A57B9692806EA638441107AB\tester\history\BTCUSD1_0.fxt
[Wed Jul  1 10:18:23 2026] READ FXT that cua ta : C:\Users\Phuc\AppData\Roaming\MetaQuotes\Terminal\ADB94438A57B9692806EA638441107AB\tester\history\BTCUSD1_0.fxt
[Wed Jul  1 10:29:02 2026] === GUARD LOADED OK (kernelbase CreateFileW) ===
[Wed Jul  1 10:35:13 2026] READ FXT that cua ta : C:\Users\Phuc\AppData\Roaming\MetaQuotes\Terminal\ADB94438A57B9692806EA638441107AB\tester\history\BTCUSD1_0.fxt
[Wed Jul  1 10:35:13 2026] READ FXT that cua ta : C:\Users\Phuc\AppData\Roaming\MetaQuotes\Terminal\ADB94438A57B9692806EA638441107AB\tester\history\BTCUSD1_0.fxt
[Wed Jul  1 11:12:09 2026] === GUARD LOADED OK (kernelbase CreateFileW) ===
[Wed Jul  1 11:17:24 2026] READ FXT that cua ta : C:\Users\Phuc\AppData\Roaming\MetaQuotes\Terminal\ADB94438A57B9692806EA638441107AB\tester\history\BTCUSD1_0.fxt
[Wed Jul  1 11:17:24 2026] READ FXT that cua ta : C:\Users\Phuc\AppData\Roaming\MetaQuotes\Terminal\ADB94438A57B9692806EA638441107AB\tester\history\BTCUSD1_0.fxt
[Wed Jul  1 11:41:19 2026] === GUARD LOADED OK (kernelbase CreateFileW) ===
[Wed Jul  1 11:46:24 2026] READ FXT that cua ta : C:\Users\Phuc\AppData\Roaming\MetaQuotes\Terminal\ADB94438A57B9692806EA638441107AB\tester\history\BTCUSD1_0.fxt
[Wed Jul  1 11:46:24 2026] READ FXT that cua ta : C:\Users\Phuc\AppData\Roaming\MetaQuotes\Terminal\ADB94438A57B9692806EA638441107AB\tester\history\BTCUSD1_0.fxt
[Wed Jul  1 11:47:20 2026] READ FXT that cua ta : C:\Users\Phuc\AppData\Roaming\MetaQuotes\Terminal\ADB94438A57B9692806EA638441107AB\tester\history\BTCUSD1_0.fxt
[Wed Jul  1 11:47:20 2026] READ FXT that cua ta : C:\Users\Phuc\AppData\Roaming\MetaQuotes\Terminal\ADB94438A57B9692806EA638441107AB\tester\history\BTCUSD1_0.fxt
[Wed Jul  1 17:44:39 2026] === GUARD LOADED OK (kernelbase CreateFileW) ===
[Wed Jul  1 17:50:13 2026] READ FXT that cua ta : C:\Users\Phuc\AppData\Roaming\MetaQuotes\Terminal\ADB94438A57B9692806EA638441107AB\tester\history\BTCUSD1_0.fxt
[Wed Jul  1 17:50:13 2026] READ FXT that cua ta : C:\Users\Phuc\AppData\Roaming\MetaQuotes\Terminal\ADB94438A57B9692806EA638441107AB\tester\history\BTCUSD1_0.fxt
[Wed Jul  1 17:53:48 2026] === GUARD LOADED OK (kernelbase CreateFileW) ===
[Wed Jul  1 17:54:02 2026] REDIRECT WRITE (chan sinh lai) : C:\Users\Phuc\AppData\Roaming\MetaQuotes\Terminal\ADB94438A57B9692806EA638441107AB\tester\history\BTCUSD1_0.fxt
[Wed Jul  1 17:54:03 2026] READ FXT that cua ta : C:\Users\Phuc\AppData\Roaming\MetaQuotes\Terminal\ADB94438A57B9692806EA638441107AB\tester\history\BTCUSD1_0.fxt
[Wed Jul  1 17:54:06 2026] READ FXT that cua ta : C:\Users\Phuc\AppData\Roaming\MetaQuotes\Terminal\ADB94438A57B9692806EA638441107AB\tester\history\BTCUSD1_0.fxt
[Wed Jul  1 18:26:29 2026] === GUARD LOADED OK (kernelbase CreateFileW) ===
[Wed Jul  1 18:26:43 2026] REDIRECT WRITE (chan sinh lai) : C:\Users\Phuc\AppData\Roaming\MetaQuotes\Terminal\ADB94438A57B9692806EA638441107AB\tester\history\BTCUSD1_0.fxt
[Wed Jul  1 18:26:44 2026] READ FXT that cua ta : C:\Users\Phuc\AppData\Roaming\MetaQuotes\Terminal\ADB94438A57B9692806EA638441107AB\tester\history\BTCUSD1_0.fxt
[Wed Jul  1 18:26:47 2026] READ FXT that cua ta : C:\Users\Phuc\AppData\Roaming\MetaQuotes\Terminal\ADB94438A57B9692806EA638441107AB\tester\history\BTCUSD1_0.fxt
[Wed Jul  1 18:35:02 2026] READ FXT that cua ta : C:\Users\Phuc\AppData\Roaming\MetaQuotes\Terminal\ADB94438A57B9692806EA638441107AB\tester\history\BTCUSD1_0.fxt
[Wed Jul  1 18:35:02 2026] READ FXT that cua ta : C:\Users\Phuc\AppData\Roaming\MetaQuotes\Terminal\ADB94438A57B9692806EA638441107AB\tester\history\BTCUSD1_0.fxt
[Wed Jul  1 18:37:18 2026] READ FXT that cua ta : C:\Users\Phuc\AppData\Roaming\MetaQuotes\Terminal\ADB94438A57B9692806EA638441107AB\tester\history\BTCUSD1_0.fxt
[Wed Jul  1 18:37:18 2026] READ FXT that cua ta : C:\Users\Phuc\AppData\Roaming\MetaQuotes\Terminal\ADB94438A57B9692806EA638441107AB\tester\history\BTCUSD1_0.fxt
[Wed Jul  1 19:26:44 2026] === GUARD LOADED OK (kernelbase CreateFileW) ===
[Wed Jul  1 19:34:13 2026] READ FXT that cua ta : C:\Users\Phuc\AppData\Roaming\MetaQuotes\Terminal\ADB94438A57B9692806EA638441107AB\tester\history\BTCUSD1_0.fxt
[Wed Jul  1 19:34:13 2026] READ FXT that cua ta : C:\Users\Phuc\AppData\Roaming\MetaQuotes\Terminal\ADB94438A57B9692806EA638441107AB\tester\history\BTCUSD1_0.fxt
[Wed Jul  1 19:46:56 2026] === GUARD LOADED OK (kernelbase CreateFileW) ===
[Wed Jul  1 20:05:13 2026] READ FXT that cua ta : C:\Users\Phuc\AppData\Roaming\MetaQuotes\Terminal\ADB94438A57B9692806EA638441107AB\tester\history\BTCUSD1_0.fxt
[Wed Jul  1 20:05:13 2026] READ FXT that cua ta : C:\Users\Phuc\AppData\Roaming\MetaQuotes\Terminal\ADB94438A57B9692806EA638441107AB\tester\history\BTCUSD1_0.fxt
[Wed Jul  1 21:02:02 2026] READ FXT that cua ta : C:\Users\Phuc\AppData\Roaming\MetaQuotes\Terminal\ADB94438A57B9692806EA638441107AB\tester\history\BTCUSD240_0.fxt
[Wed Jul  1 21:02:02 2026] READ FXT that cua ta : C:\Users\Phuc\AppData\Roaming\MetaQuotes\Terminal\ADB94438A57B9692806EA638441107AB\tester\history\BTCUSD240_0.fxt
[Wed Jul  1 21:03:20 2026] REDIRECT WRITE (chan sinh lai) : C:\Users\Phuc\AppData\Roaming\MetaQuotes\Terminal\ADB94438A57B9692806EA638441107AB\tester\history\BTCUSD240_0.fxt
[Wed Jul  1 21:03:21 2026] READ FXT that cua ta : C:\Users\Phuc\AppData\Roaming\MetaQuotes\Terminal\ADB94438A57B9692806EA638441107AB\tester\history\BTCUSD240_0.fxt
[Wed Jul  1 21:03:23 2026] READ FXT that cua ta : C:\Users\Phuc\AppData\Roaming\MetaQuotes\Terminal\ADB94438A57B9692806EA638441107AB\tester\history\BTCUSD240_0.fxt
[Wed Jul  1 21:39:52 2026] READ FXT that cua ta : C:\Users\Phuc\AppData\Roaming\MetaQuotes\Terminal\ADB94438A57B9692806EA638441107AB\tester\history\BTCUSD240_0.fxt
[Wed Jul  1 21:39:53 2026] READ FXT that cua ta : C:\Users\Phuc\AppData\Roaming\MetaQuotes\Terminal\ADB94438A57B9692806EA638441107AB\tester\history\BTCUSD240_0.fxt
[Wed Jul  1 21:59:31 2026] READ FXT that cua ta : C:\Users\Phuc\AppData\Roaming\MetaQuotes\Terminal\ADB94438A57B9692806EA638441107AB\tester\history\BTCUSD240_0.fxt
[Wed Jul  1 21:59:31 2026] READ FXT that cua ta : C:\Users\Phuc\AppData\Roaming\MetaQuotes\Terminal\ADB94438A57B9692806EA638441107AB\tester\history\BTCUSD240_0.fxt
[Wed Jul  1 22:06:58 2026] === GUARD LOADED OK (kernelbase CreateFileW) ===
[Wed Jul  1 22:15:47 2026] READ FXT that cua ta : C:\Users\Phuc\AppData\Roaming\MetaQuotes\Terminal\ADB94438A57B9692806EA638441107AB\tester\history\BTCUSD240_0.fxt
[Wed Jul  1 22:15:47 2026] READ FXT that cua ta : C:\Users\Phuc\AppData\Roaming\MetaQuotes\Terminal\ADB94438A57B9692806EA638441107AB\tester\history\BTCUSD240_0.fxt
[Wed Jul  1 22:36:05 2026] === GUARD LOADED OK (kernelbase CreateFileW) ===
[Wed Jul  1 22:42:10 2026] READ FXT that cua ta : C:\Users\Phuc\AppData\Roaming\MetaQuotes\Terminal\ADB94438A57B9692806EA638441107AB\tester\history\BTCUSD240_0.fxt
[Wed Jul  1 22:42:10 2026] READ FXT that cua ta : C:\Users\Phuc\AppData\Roaming\MetaQuotes\Terminal\ADB94438A57B9692806EA638441107AB\tester\history\BTCUSD240_0.fxt
[Wed Jul  1 23:19:36 2026] READ FXT that cua ta : C:\Users\Phuc\AppData\Roaming\MetaQuotes\Terminal\ADB94438A57B9692806EA638441107AB\tester\history\BTCUSD240_0.fxt
[Wed Jul  1 23:19:36 2026] READ FXT that cua ta : C:\Users\Phuc\AppData\Roaming\MetaQuotes\Terminal\ADB94438A57B9692806EA638441107AB\tester\history\BTCUSD240_0.fxt
[Thu Jul  2 14:38:51 2026] === HOOK ReadFile OK (FXT ao) ===
[Thu Jul  2 14:38:51 2026] === HOOK CloseHandle OK ===
[Thu Jul  2 14:38:51 2026] === GUARD LOADED OK (CreateFileW + ReadFile + CloseHandle) ===
[Thu Jul  2 14:39:47 2026] READ FXT that cua ta : C:\Users\Phuc\AppData\Roaming\MetaQuotes\Terminal\ADB94438A57B9692806EA638441107AB\tester\history\BTCUSD240_0.fxt
[Thu Jul  2 14:39:47 2026] VIRTUAL FXT: track handle -> serve records tu tick_store : C:\Users\Phuc\AppData\Roaming\MetaQuotes\Terminal\ADB94438A57B9692806EA638441107AB\tester\history\BTCUSD240_0.fxt
[Thu Jul  2 14:39:47 2026] READ FXT that cua ta : C:\Users\Phuc\AppData\Roaming\MetaQuotes\Terminal\ADB94438A57B9692806EA638441107AB\tester\history\BTCUSD240_0.fxt
[Thu Jul  2 14:39:47 2026] VIRTUAL FXT: track handle -> serve records tu tick_store : C:\Users\Phuc\AppData\Roaming\MetaQuotes\Terminal\ADB94438A57B9692806EA638441107AB\tester\history\BTCUSD240_0.fxt
[Thu Jul  2 14:44:31 2026] === HOOK ReadFile OK (FXT ao) ===
[Thu Jul  2 14:44:31 2026] === HOOK CloseHandle OK ===
[Thu Jul  2 14:44:31 2026] === GUARD LOADED OK (CreateFileW + ReadFile + CloseHandle) ===
[Thu Jul  2 14:47:44 2026] READ FXT that cua ta : C:\Users\Phuc\AppData\Roaming\MetaQuotes\Terminal\ADB94438A57B9692806EA638441107AB\tester\history\BTCUSD240_0.fxt
[Thu Jul  2 14:47:44 2026] VIRTUAL FXT: track handle -> serve records tu tick_store : C:\Users\Phuc\AppData\Roaming\MetaQuotes\Terminal\ADB94438A57B9692806EA638441107AB\tester\history\BTCUSD240_0.fxt
[Thu Jul  2 14:47:44 2026] READ FXT that cua ta : C:\Users\Phuc\AppData\Roaming\MetaQuotes\Terminal\ADB94438A57B9692806EA638441107AB\tester\history\BTCUSD240_0.fxt
[Thu Jul  2 14:47:44 2026] VIRTUAL FXT: track handle -> serve records tu tick_store : C:\Users\Phuc\AppData\Roaming\MetaQuotes\Terminal\ADB94438A57B9692806EA638441107AB\tester\history\BTCUSD240_0.fxt
[Thu Jul  2 15:26:30 2026] === HOOK ReadFile OK (FXT ao) ===
[Thu Jul  2 15:26:30 2026] === HOOK CloseHandle OK ===
[Thu Jul  2 15:26:30 2026] === GUARD LOADED OK (CreateFileW + ReadFile + CloseHandle) ===
[Thu Jul  2 15:26:40 2026] READ FXT that cua ta : C:\Users\Phuc\AppData\Roaming\MetaQuotes\Terminal\ADB94438A57B9692806EA638441107AB\tester\history\BTCUSD240_0.fxt
[Thu Jul  2 15:26:40 2026] VIRTUAL FXT: BUILD tai Start (prepare --virtual)...
[Thu Jul  2 15:27:10 2026] VIRTUAL FXT: BUILD xong.
[Thu Jul  2 15:27:10 2026] VIRTUAL FXT: track handle -> serve records tu tick_store : C:\Users\Phuc\AppData\Roaming\MetaQuotes\Terminal\ADB94438A57B9692806EA638441107AB\tester\history\BTCUSD240_0.fxt
[Thu Jul  2 15:27:10 2026] READ FXT that cua ta : C:\Users\Phuc\AppData\Roaming\MetaQuotes\Terminal\ADB94438A57B9692806EA638441107AB\tester\history\BTCUSD240_0.fxt
[Thu Jul  2 15:27:10 2026] VIRTUAL FXT: track handle -> serve records tu tick_store : C:\Users\Phuc\AppData\Roaming\MetaQuotes\Terminal\ADB94438A57B9692806EA638441107AB\tester\history\BTCUSD240_0.fxt
[Thu Jul  2 16:49:22 2026] === HOOK ReadFile OK (FXT ao) ===
[Thu Jul  2 16:49:22 2026] === HOOK CloseHandle OK ===
[Thu Jul  2 16:49:22 2026] === GUARD LOADED OK (CreateFileW + ReadFile + CloseHandle) ===
[Thu Jul  2 16:49:27 2026] READ FXT that cua ta : C:\Users\Phuc\AppData\Roaming\MetaQuotes\Terminal\ADB94438A57B9692806EA638441107AB\tester\history\BTCUSD240_0.fxt
[Thu Jul  2 16:49:27 2026] VIRTUAL FXT: BUILD tai Start (prepare --virtual)...
[Thu Jul  2 16:49:57 2026] VIRTUAL FXT: BUILD xong.
[Thu Jul  2 16:49:57 2026] VIRTUAL FXT: track handle -> serve records tu tick_store : C:\Users\Phuc\AppData\Roaming\MetaQuotes\Terminal\ADB94438A57B9692806EA638441107AB\tester\history\BTCUSD240_0.fxt
[Thu Jul  2 16:49:57 2026] READ FXT that cua ta : C:\Users\Phuc\AppData\Roaming\MetaQuotes\Terminal\ADB94438A57B9692806EA638441107AB\tester\history\BTCUSD240_0.fxt
[Thu Jul  2 16:49:57 2026] VIRTUAL FXT: track handle -> serve records tu tick_store : C:\Users\Phuc\AppData\Roaming\MetaQuotes\Terminal\ADB94438A57B9692806EA638441107AB\tester\history\BTCUSD240_0.fxt
[Thu Jul  2 17:34:19 2026] === HOOK ReadFile OK (FXT ao) ===
[Thu Jul  2 17:34:19 2026] === HOOK CloseHandle OK ===
[Thu Jul  2 17:34:19 2026] === GUARD LOADED OK (CreateFileW + ReadFile + CloseHandle) ===
[Thu Jul  2 17:34:22 2026] READ FXT that cua ta : C:\Users\Phuc\AppData\Roaming\MetaQuotes\Terminal\ADB94438A57B9692806EA638441107AB\tester\history\BTCUSD240_0.fxt
[Thu Jul  2 17:34:22 2026] VIRTUAL FXT: BUILD tai Start (prepare --virtual)...
[Thu Jul  2 17:34:52 2026] VIRTUAL FXT: BUILD xong.
[Thu Jul  2 17:34:52 2026] VIRTUAL FXT: track handle -> serve records tu tick_store : C:\Users\Phuc\AppData\Roaming\MetaQuotes\Terminal\ADB94438A57B9692806EA638441107AB\tester\history\BTCUSD240_0.fxt
[Thu Jul  2 17:34:52 2026] READ FXT that cua ta : C:\Users\Phuc\AppData\Roaming\MetaQuotes\Terminal\ADB94438A57B9692806EA638441107AB\tester\history\BTCUSD240_0.fxt
[Thu Jul  2 17:34:52 2026] VIRTUAL FXT: track handle -> serve records tu tick_store : C:\Users\Phuc\AppData\Roaming\MetaQuotes\Terminal\ADB94438A57B9692806EA638441107AB\tester\history\BTCUSD240_0.fxt
[Thu Jul  2 18:35:43 2026] === HOOK ReadFile OK (FXT ao) ===
[Thu Jul  2 18:35:43 2026] === HOOK CloseHandle OK ===
[Thu Jul  2 18:35:43 2026] === GUARD LOADED OK (CreateFileW + ReadFile + CloseHandle) ===
[Thu Jul  2 18:49:10 2026] REDIRECT WRITE (chan sinh lai) : C:\Users\Phuc\AppData\Roaming\MetaQuotes\Terminal\ADB94438A57B9692806EA638441107AB\tester\history\BTCUSD240_0.fxt
[Thu Jul  2 18:49:11 2026] READ FXT that cua ta : C:\Users\Phuc\AppData\Roaming\MetaQuotes\Terminal\ADB94438A57B9692806EA638441107AB\tester\history\BTCUSD240_0.fxt
[Thu Jul  2 18:49:11 2026] VIRTUAL FXT: track handle -> serve records tu tick_store : C:\Users\Phuc\AppData\Roaming\MetaQuotes\Terminal\ADB94438A57B9692806EA638441107AB\tester\history\BTCUSD240_0.fxt
[Thu Jul  2 18:49:16 2026] READ FXT that cua ta : C:\Users\Phuc\AppData\Roaming\MetaQuotes\Terminal\ADB94438A57B9692806EA638441107AB\tester\history\BTCUSD240_0.fxt
[Thu Jul  2 18:49:16 2026] VIRTUAL FXT: BUILD tai Start (prepare --virtual)...
[Thu Jul  2 18:49:50 2026] VIRTUAL FXT: BUILD xong.
[Thu Jul  2 18:49:50 2026] VIRTUAL FXT: track handle -> serve records tu tick_store : C:\Users\Phuc\AppData\Roaming\MetaQuotes\Terminal\ADB94438A57B9692806EA638441107AB\tester\history\BTCUSD240_0.fxt
[Thu Jul  2 18:49:50 2026] REDIRECT WRITE (chan sinh lai) : C:\Users\Phuc\AppData\Roaming\MetaQuotes\Terminal\ADB94438A57B9692806EA638441107AB\tester\history\BTCUSD240_0.fxt
[Thu Jul  2 18:49:53 2026] READ FXT that cua ta : C:\Users\Phuc\AppData\Roaming\MetaQuotes\Terminal\ADB94438A57B9692806EA638441107AB\tester\history\BTCUSD240_0.fxt
[Thu Jul  2 18:49:53 2026] VIRTUAL FXT: track handle -> serve records tu tick_store : C:\Users\Phuc\AppData\Roaming\MetaQuotes\Terminal\ADB94438A57B9692806EA638441107AB\tester\history\BTCUSD240_0.fxt
[Thu Jul  2 19:16:47 2026] === HOOK ReadFile OK (FXT ao) ===
[Thu Jul  2 19:16:47 2026] === HOOK CloseHandle OK ===
[Thu Jul  2 19:16:47 2026] === GUARD LOADED OK (CreateFileW + ReadFile + CloseHandle) ===
[Thu Jul  2 19:17:22 2026] READ FXT that cua ta : C:\Users\Phuc\AppData\Roaming\MetaQuotes\Terminal\ADB94438A57B9692806EA638441107AB\tester\history\BTCUSD240_0.fxt
[Thu Jul  2 19:17:22 2026] VIRTUAL FXT: BUILD tai Start (prepare --virtual)...
[Thu Jul  2 19:17:57 2026] VIRTUAL FXT: BUILD xong.
[Thu Jul  2 19:17:57 2026] VIRTUAL FXT: track handle -> serve records tu tick_store : C:\Users\Phuc\AppData\Roaming\MetaQuotes\Terminal\ADB94438A57B9692806EA638441107AB\tester\history\BTCUSD240_0.fxt
[Thu Jul  2 19:17:57 2026] READ FXT that cua ta : C:\Users\Phuc\AppData\Roaming\MetaQuotes\Terminal\ADB94438A57B9692806EA638441107AB\tester\history\BTCUSD240_0.fxt
[Thu Jul  2 19:17:57 2026] VIRTUAL FXT: track handle -> serve records tu tick_store : C:\Users\Phuc\AppData\Roaming\MetaQuotes\Terminal\ADB94438A57B9692806EA638441107AB\tester\history\BTCUSD240_0.fxt
[Thu Jul  2 19:21:03 2026] READ FXT that cua ta : C:\Users\Phuc\AppData\Roaming\MetaQuotes\Terminal\ADB94438A57B9692806EA638441107AB\tester\history\BTCUSD240_0.fxt
[Thu Jul  2 19:21:03 2026] VIRTUAL FXT: track handle -> serve records tu tick_store : C:\Users\Phuc\AppData\Roaming\MetaQuotes\Terminal\ADB94438A57B9692806EA638441107AB\tester\history\BTCUSD240_0.fxt
[Thu Jul  2 19:21:03 2026] READ FXT that cua ta : C:\Users\Phuc\AppData\Roaming\MetaQuotes\Terminal\ADB94438A57B9692806EA638441107AB\tester\history\BTCUSD240_0.fxt
[Thu Jul  2 19:21:03 2026] VIRTUAL FXT: track handle -> serve records tu tick_store : C:\Users\Phuc\AppData\Roaming\MetaQuotes\Terminal\ADB94438A57B9692806EA638441107AB\tester\history\BTCUSD240_0.fxt
[Thu Jul  2 19:30:31 2026] === HOOK ReadFile OK (FXT ao) ===
[Thu Jul  2 19:30:31 2026] === HOOK CloseHandle OK ===
[Thu Jul  2 19:30:31 2026] === GUARD LOADED OK (CreateFileW + ReadFile + CloseHandle) ===
[Thu Jul  2 19:30:36 2026] READ FXT that cua ta : C:\Users\Phuc\AppData\Roaming\MetaQuotes\Terminal\ADB94438A57B9692806EA638441107AB\tester\history\BTCUSD240_0.fxt
[Thu Jul  2 19:30:36 2026] VIRTUAL FXT: BUILD tai Start (prepare --virtual)...
[Thu Jul  2 19:31:09 2026] VIRTUAL FXT: BUILD xong.
[Thu Jul  2 19:31:09 2026] VIRTUAL FXT: track handle -> serve records tu tick_store : C:\Users\Phuc\AppData\Roaming\MetaQuotes\Terminal\ADB94438A57B9692806EA638441107AB\tester\history\BTCUSD240_0.fxt
[Thu Jul  2 19:31:09 2026] READ FXT that cua ta : C:\Users\Phuc\AppData\Roaming\MetaQuotes\Terminal\ADB94438A57B9692806EA638441107AB\tester\history\BTCUSD240_0.fxt
[Thu Jul  2 19:31:09 2026] VIRTUAL FXT: track handle -> serve records tu tick_store : C:\Users\Phuc\AppData\Roaming\MetaQuotes\Terminal\ADB94438A57B9692806EA638441107AB\tester\history\BTCUSD240_0.fxt
[Thu Jul  2 19:32:42 2026] READ FXT that cua ta : C:\Users\Phuc\AppData\Roaming\MetaQuotes\Terminal\ADB94438A57B9692806EA638441107AB\tester\history\BTCUSD240_0.fxt
[Thu Jul  2 19:32:42 2026] VIRTUAL FXT: track handle -> serve records tu tick_store : C:\Users\Phuc\AppData\Roaming\MetaQuotes\Terminal\ADB94438A57B9692806EA638441107AB\tester\history\BTCUSD240_0.fxt
[Thu Jul  2 19:32:42 2026] READ FXT that cua ta : C:\Users\Phuc\AppData\Roaming\MetaQuotes\Terminal\ADB94438A57B9692806EA638441107AB\tester\history\BTCUSD240_0.fxt
[Thu Jul  2 19:32:42 2026] VIRTUAL FXT: track handle -> serve records tu tick_store : C:\Users\Phuc\AppData\Roaming\MetaQuotes\Terminal\ADB94438A57B9692806EA638441107AB\tester\history\BTCUSD240_0.fxt
[Thu Jul  2 20:11:36 2026] === HOOK ReadFile OK (FXT ao) ===
[Thu Jul  2 20:11:36 2026] === HOOK CloseHandle OK ===
[Thu Jul  2 20:11:36 2026] === GUARD LOADED OK (CreateFileW + ReadFile + CloseHandle) ===
[Thu Jul  2 20:11:56 2026] REDIRECT WRITE (chan sinh lai) : C:\Users\Phuc\AppData\Roaming\MetaQuotes\Terminal\ADB94438A57B9692806EA638441107AB\tester\history\BTCUSD240_0.fxt
[Thu Jul  2 20:12:04 2026] REDIRECT WRITE (chan sinh lai) : C:\Users\Phuc\AppData\Roaming\MetaQuotes\Terminal\ADB94438A57B9692806EA638441107AB\tester\history\BTCUSD240_0.fxt
[Thu Jul  2 20:12:43 2026] === HOOK ReadFile OK (FXT ao) ===
[Thu Jul  2 20:12:43 2026] === HOOK CloseHandle OK ===
[Thu Jul  2 20:12:43 2026] === GUARD LOADED OK (CreateFileW + ReadFile + CloseHandle) ===
[Thu Jul  2 20:12:48 2026] REDIRECT WRITE (chan sinh lai) : C:\Users\Phuc\AppData\Roaming\MetaQuotes\Terminal\ADB94438A57B9692806EA638441107AB\tester\history\BTCUSD240_0.fxt
[Thu Jul  2 20:20:59 2026] === HOOK ReadFile OK (FXT ao) ===
[Thu Jul  2 20:20:59 2026] === HOOK CloseHandle OK ===
[Thu Jul  2 20:20:59 2026] === GUARD LOADED OK (CreateFileW + ReadFile + CloseHandle) ===
[Thu Jul  2 20:21:08 2026] READ FXT that cua ta : C:\Users\Phuc\AppData\Roaming\MetaQuotes\Terminal\ADB94438A57B9692806EA638441107AB\tester\history\BTCUSD240_0.fxt
[Thu Jul  2 20:21:08 2026] VIRTUAL FXT: BUILD tai Start (prepare --virtual)...
[Thu Jul  2 20:21:41 2026] VIRTUAL FXT: BUILD xong.
[Thu Jul  2 20:21:41 2026] VIRTUAL FXT: track handle -> serve records tu tick_store : C:\Users\Phuc\AppData\Roaming\MetaQuotes\Terminal\ADB94438A57B9692806EA638441107AB\tester\history\BTCUSD240_0.fxt
[Thu Jul  2 20:21:41 2026] READ FXT that cua ta : C:\Users\Phuc\AppData\Roaming\MetaQuotes\Terminal\ADB94438A57B9692806EA638441107AB\tester\history\BTCUSD240_0.fxt
[Thu Jul  2 20:21:41 2026] VIRTUAL FXT: track handle -> serve records tu tick_store : C:\Users\Phuc\AppData\Roaming\MetaQuotes\Terminal\ADB94438A57B9692806EA638441107AB\tester\history\BTCUSD240_0.fxt
